/Users/alice/Desktop/python/FL_selection/system /Users/alice/Desktop/python/FL_selection
2024-10-25 07:14:36.148668: I tensorflow/core/platform/cpu_feature_guard.cc:182] This TensorFlow binary is optimized to use available CPU instructions in performance-critical operations.
To enable the following instructions: SSE4.1 SSE4.2 AVX AVX2 FMA, in other operations, rebuild TensorFlow with the appropriate compiler flags.

cuda is not avaiable.

==================================================
Algorithm: FedAvg
Local batch size: 10
Local steps: 5
Local learing rate: 0.005
Local learing rate decay: False
Total number of clients: 20
Clients join in each round: 0.5
Clients randomly join: False
Client drop rate: 0.0
Client select regarding time: False
Running times: 1
Dataset: mnist
Number of classes: 10
Backbone: dnn
Using device: cpu
Using DP: False
Auto break: False
Global rounds: 3
DLG attack: False
Total number of new clients: 0
Fine tuning epoches on new clients: 0
==================================================

============= Running time: 0th =============
Creating server and clients ...
DNN(
  (fc1): Linear(in_features=784, out_features=100, bias=True)
  (fc): Linear(in_features=100, out_features=10, bias=True)
)
INFO:------------------------args.algorithm is:FedAvg-----------------------
**************************1.INfo,set_clients ,init data********************
train_slow,send_slow 20 [False, False, False, False, False, False, False, False, False, False, False, False, False, False, False, False, False, False, False, False] [False, False, False, False, False, False, False, False, False, False, False, False, False, False, False, False, False, False, False, False]
10 args.num_classes
10 args.num_classes
10 args.num_classes
10 args.num_classes
10 args.num_classes
10 args.num_classes
10 args.num_classes
10 args.num_classes
10 args.num_classes
10 args.num_classes
10 args.num_classes
10 args.num_classes
10 args.num_classes
10 args.num_classes
10 args.num_classes
10 args.num_classes
10 args.num_classes
10 args.num_classes
10 args.num_classes
10 args.num_classes
client base client  0, total_num is 2370,label is [1006, 47, 0, 0, 0, 0, 620, 0, 671, 26]
client base client  1, total_num is 2612,label is [2378, 20, 7, 0, 0, 0, 0, 207, 0, 0]
client base client  2, total_num is 534,label is [0, 0, 0, 0, 0, 0, 464, 0, 70, 0]
client base client  3, total_num is 2184,label is [0, 0, 30, 3, 42, 1, 1, 2106, 0, 1]
client base client  4, total_num is 8040,label is [370, 50, 484, 7136, 0, 0, 0, 0, 0, 0]
client base client  5, total_num is 3748,label is [55, 0, 0, 0, 0, 0, 0, 0, 3693, 0]
client base client  6, total_num is 7980,label is [1797, 6183, 0, 0, 0, 0, 0, 0, 0, 0]
client base client  7, total_num is 1414,label is [0, 126, 11, 0, 636, 0, 641, 0, 0, 0]
client base client  8, total_num is 362,label is [336, 0, 0, 0, 0, 13, 0, 9, 1, 3]
client base client  9, total_num is 4040,label is [0, 16, 0, 0, 4024, 0, 0, 0, 0, 0]
client base client  10, total_num is 2386,label is [0, 0, 0, 0, 17, 1, 0, 0, 2368, 0]
client base client  11, total_num is 5184,label is [0, 0, 172, 0, 0, 1, 5011, 0, 0, 0]
client base client  12, total_num is 4995,label is [0, 0, 2727, 0, 0, 2268, 0, 0, 0, 0]
client base client  13, total_num is 1215,label is [18, 0, 0, 0, 0, 1197, 0, 0, 0, 0]
client base client  14, total_num is 3157,label is [919, 0, 0, 0, 2073, 6, 138, 0, 21, 0]
client base client  15, total_num is 78,label is [0, 0, 4, 0, 0, 0, 0, 73, 0, 1]
client base client  16, total_num is 4995,label is [1, 0, 0, 1, 0, 95, 0, 4898, 0, 0]
client base client  17, total_num is 6947,label is [0, 0, 0, 0, 20, 0, 0, 0, 0, 6927]
client base client  18, total_num is 3872,label is [22, 296, 3554, 0, 0, 0, 0, 0, 0, 0]
client base client  19, total_num is 3887,label is [1, 1139, 1, 1, 12, 2731, 1, 0, 1, 0]

Join ratio / total clients: 0.5 / 20
Finished creating server and clients.

-------------Round number: 0-------------

Evaluate global model
Averaged Train Loss: 6.1797
Averaged Test Accurancy: 0.1021
Averaged Test AUC: 0.5077
Std Test Accurancy: 0.2848
Std Test AUC: 0.2954
------------------------- Round is  0 ------------------------- time cost ------------------------- 334.7224872112274
------------------------- Budget is : [334.7224872112274]

-------------Round number: 1-------------

Evaluate global model
Averaged Train Loss: 2.7572
Averaged Test Accurancy: 0.2688
Averaged Test AUC: 0.5652
Std Test Accurancy: 0.3594
Std Test AUC: 0.2875
------------------------- Round is  1 ------------------------- time cost ------------------------- 326.99591517448425
------------------------- Budget is : [334.7224872112274, 326.99591517448425]

-------------Round number: 2-------------

Evaluate global model
Averaged Train Loss: 2.6852
Averaged Test Accurancy: 0.2438
Averaged Test AUC: 0.6341
Std Test Accurancy: 0.3323
Std Test AUC: 0.2858
------------------------- Round is  2 ------------------------- time cost ------------------------- 322.3513729572296
------------------------- Budget is : [334.7224872112274, 326.99591517448425, 322.3513729572296]

-------------Round number: 3-------------

Evaluate global model
Averaged Train Loss: 1.8869
Averaged Test Accurancy: 0.4563
Averaged Test AUC: 0.7148
Std Test Accurancy: 0.3438
Std Test AUC: 0.2565
------------------------- Round is  3 ------------------------- time cost ------------------------- 332.07020020484924
------------------------- Budget is : [334.7224872112274, 326.99591517448425, 322.3513729572296, 332.07020020484924]

Best accuracy.
0.456269637246501

Average time cost per round.
327.13916277885437
error [[0, 0.23580877646621268, 0.013032460600415583], [1, 0.2606627097429104, 0.019403485346471287], [2, 0.11303233940050716, 0.003161762699705209], [3, 0.13572480356282668, 0.00869595688018221]]
success training write acc txt /Users/alice/Desktop/python/FL_selection//res/FedAvg/mnist_errorg11.csv
success training write acc txt /Users/alice/Desktop/python/FL_selection//res/FedAvg/mnist_clients_errorg11.csv
select_id value is, [[0, [3, 15, 2, 11, 19, 0, 16, 8, 12, 6]], [1, [0, 2, 10, 11, 15, 13, 18, 5, 4, 3]], [2, [19, 18, 16, 2, 15, 14, 11, 1, 0, 3]], [3, [11, 8, 15, 6, 18, 13, 2, 10, 16, 19]]]
write select id list  /Users/alice/Desktop/python/FL_selection//res/selectids/mnist_select_client_ids20_0.5.csv
colum_value 10
colum_value 10
colum_value 10
colum_value 10
success training write acc txt /Users/alice/Desktop/python/FL_selection//res/FedAvg/mnist_acc.csv /Users/alice/Desktop/python/FL_selection//res/ mnist_allacc_0.5_20_0.05.csv
success training write acc txt /Users/alice/Desktop/python/FL_selection//res/timeCost_mnist0.05.csv
File path: ../results/mnist_FedAvg_dnn_0.h5

Average time cost: 1320.99s.
Length:  4
std for best accurancy: 0.0
mean for best accurancy: 0.456269637246501
All done!

Storage on cpu
-------------------------------------------------------------------------------
Total Tensors: 118010020 	Used Memory: 234.85M
-------------------------------------------------------------------------------
