nohup: ignoring input
['/root/FL_selection/system', '/root/anaconda3/envs/pytorch_env/lib/python310.zip', '/root/anaconda3/envs/pytorch_env/lib/python3.10', '/root/anaconda3/envs/pytorch_env/lib/python3.10/lib-dynload', '/root/anaconda3/envs/pytorch_env/lib/python3.10/site-packages', './IJCAI-AutoS']
/root/FL_selection/system /root/FL_selection
2024-12-03 20:43:37.456261: I tensorflow/core/util/port.cc:110] oneDNN custom operations are on. You may see slightly different numerical results due to floating-point round-off errors from different computation orders. To turn them off, set the environment variable `TF_ENABLE_ONEDNN_OPTS=0`.
2024-12-03 20:43:37.458354: I tensorflow/tsl/cuda/cudart_stub.cc:28] Could not find cuda drivers on your machine, GPU will not be used.
2024-12-03 20:43:37.494661: I tensorflow/core/platform/cpu_feature_guard.cc:182] This TensorFlow binary is optimized to use available CPU instructions in performance-critical operations.
To enable the following instructions: AVX2 AVX512F AVX512_VNNI FMA, in other operations, rebuild TensorFlow with the appropriate compiler flags.
2024-12-03 20:43:38.118542: W tensorflow/compiler/tf2tensorrt/utils/py_utils.cc:38] TF-TRT Warning: Could not find TensorRT
==================================================
Algorithm: FedOORT
Local batch size: 10
Local steps: 5
Local learing rate: 0.005
Local learing rate decay: False
Total number of clients: 100
Clients join in each round: 0.1
Clients randomly join: False
Client drop rate: 0.0
Client select regarding time: False
Running times: 1
Dataset: Cifar100
Number of classes: 100
Backbone: dnn
Using device: cuda
Using DP: False
Auto break: False
Global rounds: 20
Cuda device id: 0
DLG attack: False
Total number of new clients: 0
Fine tuning epoches on new clients: 0
==================================================

============= Running time: 0th =============
Creating server and clients ...
DNN(
  (fc1): Linear(in_features=3072, out_features=100, bias=True)
  (fc): Linear(in_features=100, out_features=100, bias=True)
)
INFO:------------------------args.algorithm is:FedOORT-----------------------
**************************1.INfo,set_clients ,init data********************
Clients data loaded from /root/FL_selectiondataset/0.5/Cifar100/clientInfo.json
clients [{'id': 1, 'compute': 5.45, 'comm': 5.04, 'dropout': 0.13, 'size': 40}, {'id': 2, 'compute': 13.24, 'comm': 1.95, 'dropout': 0.07, 'size': 40}, {'id': 3, 'compute': 4.56, 'comm': 11.05, 'dropout': 0.2, 'size': 40}, {'id': 4, 'compute': 11.15, 'comm': 13.33, 'dropout': 0.11, 'size': 40}, {'id': 5, 'compute': 4.17, 'comm': 5.32, 'dropout': 0.24, 'size': 48}, {'id': 6, 'compute': 0.78, 'comm': 4.39, 'dropout': 0.11, 'size': 40}, {'id': 7, 'compute': 1.27, 'comm': 11.23, 'dropout': 0.29, 'size': 40}, {'id': 8, 'compute': 1.58, 'comm': 4.19, 'dropout': 0.11, 'size': 40}, {'id': 9, 'compute': 0.49, 'comm': 11.63, 'dropout': 0.47, 'size': 40}, {'id': 10, 'compute': 0.1, 'comm': 5.54, 'dropout': 0.37, 'size': 40}, {'id': 11, 'compute': 1.75, 'comm': 2.54, 'dropout': 0.22, 'size': 40}, {'id': 12, 'compute': 1.3, 'comm': 5.34, 'dropout': 0.68, 'size': 40}, {'id': 13, 'compute': 0.88, 'comm': 9.76, 'dropout': 0.39, 'size': 40}, {'id': 14, 'compute': 5.97, 'comm': 5.12, 'dropout': 0.34, 'size': 40}, {'id': 15, 'compute': 11.18, 'comm': 2.78, 'dropout': 0.24, 'size': 40}, {'id': 16, 'compute': 3.46, 'comm': 4.68, 'dropout': 0.25, 'size': 40}, {'id': 17, 'compute': 9.03, 'comm': 3.66, 'dropout': 0.09, 'size': 52}, {'id': 18, 'compute': 13.55, 'comm': 4.59, 'dropout': 0.17, 'size': 40}, {'id': 19, 'compute': 6.06, 'comm': 10.05, 'dropout': 0.25, 'size': 40}, {'id': 20, 'compute': 6.07, 'comm': 2.0, 'dropout': 0.27, 'size': 40}, {'id': 21, 'compute': 11.37, 'comm': 5.61, 'dropout': 0.19, 'size': 40}, {'id': 22, 'compute': 4.24, 'comm': 5.25, 'dropout': 0.2, 'size': 40}, {'id': 23, 'compute': 4.17, 'comm': 7.44, 'dropout': 0.24, 'size': 40}, {'id': 24, 'compute': 5.26, 'comm': 2.06, 'dropout': 0.46, 'size': 40}, {'id': 25, 'compute': 12.93, 'comm': 6.83, 'dropout': 0.15, 'size': 40}, {'id': 26, 'compute': 5.29, 'comm': 4.18, 'dropout': 0.37, 'size': 40}, {'id': 27, 'compute': 5.16, 'comm': 4.15, 'dropout': 0.5, 'size': 40}, {'id': 28, 'compute': 4.5, 'comm': 9.63, 'dropout': 0.23, 'size': 167}, {'id': 29, 'compute': 10.56, 'comm': 11.02, 'dropout': 0.16, 'size': 63}, {'id': 30, 'compute': 4.64, 'comm': 9.37, 'dropout': 0.13, 'size': 40}, {'id': 31, 'compute': 0.14, 'comm': 2.29, 'dropout': 0.36, 'size': 266}, {'id': 32, 'compute': 4.26, 'comm': 2.17, 'dropout': 0.37, 'size': 77}, {'id': 33, 'compute': 0.95, 'comm': 7.93, 'dropout': 0.42, 'size': 40}, {'id': 34, 'compute': 9.89, 'comm': 10.1, 'dropout': 0.29, 'size': 50}, {'id': 35, 'compute': 7.05, 'comm': 1.23, 'dropout': 0.4, 'size': 145}, {'id': 36, 'compute': 4.66, 'comm': 8.98, 'dropout': 0.25, 'size': 54}, {'id': 37, 'compute': 8.31, 'comm': 0.76, 'dropout': 0.49, 'size': 64}, {'id': 38, 'compute': 10.45, 'comm': 5.37, 'dropout': 0.32, 'size': 58}, {'id': 39, 'compute': 10.22, 'comm': 3.5, 'dropout': 0.56, 'size': 164}, {'id': 40, 'compute': 1.32, 'comm': 11.27, 'dropout': 0.14, 'size': 89}, {'id': 41, 'compute': 8.68, 'comm': 5.09, 'dropout': 0.16, 'size': 163}, {'id': 42, 'compute': 0.47, 'comm': 4.06, 'dropout': 0.16, 'size': 40}, {'id': 43, 'compute': 11.44, 'comm': 10.63, 'dropout': 0.16, 'size': 93}, {'id': 44, 'compute': 0.1, 'comm': 6.37, 'dropout': 0.57, 'size': 82}, {'id': 45, 'compute': 9.64, 'comm': 4.42, 'dropout': 0.25, 'size': 156}, {'id': 46, 'compute': 0.52, 'comm': 9.99, 'dropout': 0.54, 'size': 55}, {'id': 47, 'compute': 0.74, 'comm': 1.72, 'dropout': 0.33, 'size': 44}, {'id': 48, 'compute': 1.68, 'comm': 3.0, 'dropout': 0.17, 'size': 40}, {'id': 49, 'compute': 0.74, 'comm': 1.67, 'dropout': 0.24, 'size': 40}, {'id': 50, 'compute': 0.8, 'comm': 10.87, 'dropout': 0.05, 'size': 64}, {'id': 51, 'compute': 4.14, 'comm': 4.89, 'dropout': 0.3, 'size': 107}, {'id': 52, 'compute': 4.62, 'comm': 10.49, 'dropout': 0.36, 'size': 82}, {'id': 53, 'compute': 5.72, 'comm': 8.94, 'dropout': 0.15, 'size': 83}, {'id': 54, 'compute': 0.66, 'comm': 13.93, 'dropout': 0.32, 'size': 164}, {'id': 55, 'compute': 11.73, 'comm': 8.54, 'dropout': 0.47, 'size': 58}, {'id': 56, 'compute': 0.66, 'comm': 8.22, 'dropout': 0.1, 'size': 50}, {'id': 57, 'compute': 0.83, 'comm': 1.12, 'dropout': 0.19, 'size': 40}, {'id': 58, 'compute': 3.88, 'comm': 5.59, 'dropout': 0.27, 'size': 79}, {'id': 59, 'compute': 1.81, 'comm': 4.38, 'dropout': 0.28, 'size': 40}, {'id': 60, 'compute': 1.69, 'comm': 2.03, 'dropout': 0.35, 'size': 40}, {'id': 61, 'compute': 8.07, 'comm': 9.31, 'dropout': 0.64, 'size': 75}, {'id': 62, 'compute': 5.15, 'comm': 4.48, 'dropout': 0.23, 'size': 66}, {'id': 63, 'compute': 5.33, 'comm': 2.13, 'dropout': 0.05, 'size': 238}, {'id': 64, 'compute': 13.68, 'comm': 4.02, 'dropout': 0.35, 'size': 109}, {'id': 65, 'compute': 6.71, 'comm': 5.53, 'dropout': 0.33, 'size': 92}, {'id': 66, 'compute': 11.6, 'comm': 1.98, 'dropout': 0.19, 'size': 83}, {'id': 67, 'compute': 5.07, 'comm': 2.68, 'dropout': 0.26, 'size': 109}, {'id': 68, 'compute': 4.67, 'comm': 3.41, 'dropout': 0.3, 'size': 94}, {'id': 69, 'compute': 4.72, 'comm': 7.22, 'dropout': 0.56, 'size': 87}, {'id': 70, 'compute': 4.47, 'comm': 1.59, 'dropout': 0.07, 'size': 95}, {'id': 71, 'compute': 0.97, 'comm': 5.43, 'dropout': 0.15, 'size': 218}, {'id': 72, 'compute': 4.22, 'comm': 9.65, 'dropout': 0.11, 'size': 160}, {'id': 73, 'compute': 1.3, 'comm': 6.14, 'dropout': 0.31, 'size': 176}, {'id': 74, 'compute': 5.66, 'comm': 4.28, 'dropout': 0.46, 'size': 388}, {'id': 75, 'compute': 5.97, 'comm': 4.15, 'dropout': 0.18, 'size': 244}, {'id': 76, 'compute': 11.2, 'comm': 5.77, 'dropout': 0.26, 'size': 129}, {'id': 77, 'compute': 3.9, 'comm': 8.78, 'dropout': 0.27, 'size': 275}, {'id': 78, 'compute': 10.89, 'comm': 6.64, 'dropout': 0.11, 'size': 323}, {'id': 79, 'compute': 0.98, 'comm': 4.35, 'dropout': 0.21, 'size': 195}, {'id': 80, 'compute': 5.74, 'comm': 1.24, 'dropout': 0.31, 'size': 213}, {'id': 81, 'compute': 5.27, 'comm': 2.43, 'dropout': 0.03, 'size': 2682}, {'id': 82, 'compute': 9.54, 'comm': 2.28, 'dropout': 0.54, 'size': 2612}, {'id': 83, 'compute': 5.34, 'comm': 10.86, 'dropout': 0.26, 'size': 2020}, {'id': 84, 'compute': 4.99, 'comm': 5.35, 'dropout': 0.47, 'size': 2172}, {'id': 85, 'compute': 7.62, 'comm': 2.22, 'dropout': 0.4, 'size': 2211}, {'id': 86, 'compute': 16.71, 'comm': 1.56, 'dropout': 0.3, 'size': 2031}, {'id': 87, 'compute': 5.29, 'comm': 1.87, 'dropout': 0.19, 'size': 2753}, {'id': 88, 'compute': 0.65, 'comm': 1.45, 'dropout': 0.11, 'size': 3470}, {'id': 89, 'compute': 5.54, 'comm': 2.68, 'dropout': 0.14, 'size': 2040}, {'id': 90, 'compute': 10.91, 'comm': 12.75, 'dropout': 0.26, 'size': 2790}, {'id': 91, 'compute': 4.63, 'comm': 5.49, 'dropout': 0.12, 'size': 2774}, {'id': 92, 'compute': 0.82, 'comm': 6.32, 'dropout': 0.49, 'size': 3078}, {'id': 93, 'compute': 11.02, 'comm': 10.49, 'dropout': 0.03, 'size': 2556}, {'id': 94, 'compute': 4.92, 'comm': 2.59, 'dropout': 0.45, 'size': 3101}, {'id': 95, 'compute': 6.18, 'comm': 6.27, 'dropout': 0.44, 'size': 2568}, {'id': 96, 'compute': 12.94, 'comm': 2.75, 'dropout': 0.17, 'size': 2480}, {'id': 97, 'compute': 8.65, 'comm': 4.45, 'dropout': 0.16, 'size': 3307}, {'id': 98, 'compute': 0.44, 'comm': 3.06, 'dropout': 0.02, 'size': 2799}, {'id': 99, 'compute': 8.32, 'comm': 1.63, 'dropout': 0.55, 'size': 2785}, {'id': 100, 'compute': 1.11, 'comm': 1.69, 'dropout': 0.48, 'size': 2505}]
100 args.num_classes
100 args.num_classes
100 args.num_classes
100 args.num_classes
100 args.num_classes
100 args.num_classes
100 args.num_classes
100 args.num_classes
100 args.num_classes
100 args.num_classes
100 args.num_classes
100 args.num_classes
100 args.num_classes
100 args.num_classes
100 args.num_classes
100 args.num_classes
100 args.num_classes
100 args.num_classes
100 args.num_classes
100 args.num_classes
100 args.num_classes
100 args.num_classes
100 args.num_classes
100 args.num_classes
100 args.num_classes
100 args.num_classes
100 args.num_classes
100 args.num_classes
100 args.num_classes
100 args.num_classes
100 args.num_classes
100 args.num_classes
100 args.num_classes
100 args.num_classes
100 args.num_classes
100 args.num_classes
100 args.num_classes
100 args.num_classes
100 args.num_classes
100 args.num_classes
100 args.num_classes
100 args.num_classes
100 args.num_classes
100 args.num_classes
100 args.num_classes
100 args.num_classes
100 args.num_classes
100 args.num_classes
100 args.num_classes
100 args.num_classes
100 args.num_classes
100 args.num_classes
100 args.num_classes
100 args.num_classes
100 args.num_classes
100 args.num_classes
100 args.num_classes
100 args.num_classes
100 args.num_classes
100 args.num_classes
100 args.num_classes
100 args.num_classes
100 args.num_classes
100 args.num_classes
100 args.num_classes
100 args.num_classes
100 args.num_classes
100 args.num_classes
100 args.num_classes
100 args.num_classes
100 args.num_classes
100 args.num_classes
100 args.num_classes
100 args.num_classes
100 args.num_classes
100 args.num_classes
100 args.num_classes
100 args.num_classes
100 args.num_classes
100 args.num_classes
100 args.num_classes
100 args.num_classes
100 args.num_classes
100 args.num_classes
100 args.num_classes
100 args.num_classes
100 args.num_classes
100 args.num_classes
100 args.num_classes
100 args.num_classes
100 args.num_classes
100 args.num_classes
100 args.num_classes
100 args.num_classes
100 args.num_classes
100 args.num_classes
100 args.num_classes
100 args.num_classes
100 args.num_classes
100 args.num_classes
client base client  0, total_num is 40,label is [0, 0, 0, 18, 22, 0, 0, 0, 0, 0, 0, 0, 0, 0, 0, 0, 0, 0, 0, 0, 0, 0, 0, 0, 0, 0, 0, 0, 0, 0, 0, 0, 0, 0, 0, 0, 0, 0, 0, 0, 0, 0, 0, 0, 0, 0, 0, 0, 0, 0, 0, 0, 0, 0, 0, 0, 0, 0, 0, 0, 0, 0, 0, 0, 0, 0, 0, 0, 0, 0, 0, 0, 0, 0, 0, 0, 0, 0, 0, 0, 0, 0, 0, 0, 0, 0, 0, 0, 0, 0, 0, 0, 0, 0, 0, 0, 0, 0, 0, 0]
client base client  1, total_num is 40,label is [0, 0, 0, 39, 0, 0, 0, 0, 1, 0, 0, 0, 0, 0, 0, 0, 0, 0, 0, 0, 0, 0, 0, 0, 0, 0, 0, 0, 0, 0, 0, 0, 0, 0, 0, 0, 0, 0, 0, 0, 0, 0, 0, 0, 0, 0, 0, 0, 0, 0, 0, 0, 0, 0, 0, 0, 0, 0, 0, 0, 0, 0, 0, 0, 0, 0, 0, 0, 0, 0, 0, 0, 0, 0, 0, 0, 0, 0, 0, 0, 0, 0, 0, 0, 0, 0, 0, 0, 0, 0, 0, 0, 0, 0, 0, 0, 0, 0, 0, 0]
client base client  2, total_num is 40,label is [0, 0, 0, 39, 1, 0, 0, 0, 0, 0, 0, 0, 0, 0, 0, 0, 0, 0, 0, 0, 0, 0, 0, 0, 0, 0, 0, 0, 0, 0, 0, 0, 0, 0, 0, 0, 0, 0, 0, 0, 0, 0, 0, 0, 0, 0, 0, 0, 0, 0, 0, 0, 0, 0, 0, 0, 0, 0, 0, 0, 0, 0, 0, 0, 0, 0, 0, 0, 0, 0, 0, 0, 0, 0, 0, 0, 0, 0, 0, 0, 0, 0, 0, 0, 0, 0, 0, 0, 0, 0, 0, 0, 0, 0, 0, 0, 0, 0, 0, 0]
client base client  3, total_num is 40,label is [0, 0, 0, 0, 39, 0, 0, 0, 0, 1, 0, 0, 0, 0, 0, 0, 0, 0, 0, 0, 0, 0, 0, 0, 0, 0, 0, 0, 0, 0, 0, 0, 0, 0, 0, 0, 0, 0, 0, 0, 0, 0, 0, 0, 0, 0, 0, 0, 0, 0, 0, 0, 0, 0, 0, 0, 0, 0, 0, 0, 0, 0, 0, 0, 0, 0, 0, 0, 0, 0, 0, 0, 0, 0, 0, 0, 0, 0, 0, 0, 0, 0, 0, 0, 0, 0, 0, 0, 0, 0, 0, 0, 0, 0, 0, 0, 0, 0, 0, 0]
client base client  4, total_num is 48,label is [0, 0, 48, 0, 0, 0, 0, 0, 0, 0, 0, 0, 0, 0, 0, 0, 0, 0, 0, 0, 0, 0, 0, 0, 0, 0, 0, 0, 0, 0, 0, 0, 0, 0, 0, 0, 0, 0, 0, 0, 0, 0, 0, 0, 0, 0, 0, 0, 0, 0, 0, 0, 0, 0, 0, 0, 0, 0, 0, 0, 0, 0, 0, 0, 0, 0, 0, 0, 0, 0, 0, 0, 0, 0, 0, 0, 0, 0, 0, 0, 0, 0, 0, 0, 0, 0, 0, 0, 0, 0, 0, 0, 0, 0, 0, 0, 0, 0, 0, 0]
client base client  5, total_num is 40,label is [0, 0, 0, 1, 39, 0, 0, 0, 0, 0, 0, 0, 0, 0, 0, 0, 0, 0, 0, 0, 0, 0, 0, 0, 0, 0, 0, 0, 0, 0, 0, 0, 0, 0, 0, 0, 0, 0, 0, 0, 0, 0, 0, 0, 0, 0, 0, 0, 0, 0, 0, 0, 0, 0, 0, 0, 0, 0, 0, 0, 0, 0, 0, 0, 0, 0, 0, 0, 0, 0, 0, 0, 0, 0, 0, 0, 0, 0, 0, 0, 0, 0, 0, 0, 0, 0, 0, 0, 0, 0, 0, 0, 0, 0, 0, 0, 0, 0, 0, 0]
client base client  6, total_num is 40,label is [0, 0, 1, 0, 39, 0, 0, 0, 0, 0, 0, 0, 0, 0, 0, 0, 0, 0, 0, 0, 0, 0, 0, 0, 0, 0, 0, 0, 0, 0, 0, 0, 0, 0, 0, 0, 0, 0, 0, 0, 0, 0, 0, 0, 0, 0, 0, 0, 0, 0, 0, 0, 0, 0, 0, 0, 0, 0, 0, 0, 0, 0, 0, 0, 0, 0, 0, 0, 0, 0, 0, 0, 0, 0, 0, 0, 0, 0, 0, 0, 0, 0, 0, 0, 0, 0, 0, 0, 0, 0, 0, 0, 0, 0, 0, 0, 0, 0, 0, 0]
client base client  7, total_num is 40,label is [0, 0, 0, 0, 34, 6, 0, 0, 0, 0, 0, 0, 0, 0, 0, 0, 0, 0, 0, 0, 0, 0, 0, 0, 0, 0, 0, 0, 0, 0, 0, 0, 0, 0, 0, 0, 0, 0, 0, 0, 0, 0, 0, 0, 0, 0, 0, 0, 0, 0, 0, 0, 0, 0, 0, 0, 0, 0, 0, 0, 0, 0, 0, 0, 0, 0, 0, 0, 0, 0, 0, 0, 0, 0, 0, 0, 0, 0, 0, 0, 0, 0, 0, 0, 0, 0, 0, 0, 0, 0, 0, 0, 0, 0, 0, 0, 0, 0, 0, 0]
client base client  8, total_num is 40,label is [0, 5, 0, 0, 31, 0, 0, 0, 0, 0, 4, 0, 0, 0, 0, 0, 0, 0, 0, 0, 0, 0, 0, 0, 0, 0, 0, 0, 0, 0, 0, 0, 0, 0, 0, 0, 0, 0, 0, 0, 0, 0, 0, 0, 0, 0, 0, 0, 0, 0, 0, 0, 0, 0, 0, 0, 0, 0, 0, 0, 0, 0, 0, 0, 0, 0, 0, 0, 0, 0, 0, 0, 0, 0, 0, 0, 0, 0, 0, 0, 0, 0, 0, 0, 0, 0, 0, 0, 0, 0, 0, 0, 0, 0, 0, 0, 0, 0, 0, 0]
client base client  9, total_num is 40,label is [0, 0, 0, 40, 0, 0, 0, 0, 0, 0, 0, 0, 0, 0, 0, 0, 0, 0, 0, 0, 0, 0, 0, 0, 0, 0, 0, 0, 0, 0, 0, 0, 0, 0, 0, 0, 0, 0, 0, 0, 0, 0, 0, 0, 0, 0, 0, 0, 0, 0, 0, 0, 0, 0, 0, 0, 0, 0, 0, 0, 0, 0, 0, 0, 0, 0, 0, 0, 0, 0, 0, 0, 0, 0, 0, 0, 0, 0, 0, 0, 0, 0, 0, 0, 0, 0, 0, 0, 0, 0, 0, 0, 0, 0, 0, 0, 0, 0, 0, 0]
client base client  10, total_num is 40,label is [0, 0, 0, 0, 0, 6, 0, 0, 0, 0, 34, 0, 0, 0, 0, 0, 0, 0, 0, 0, 0, 0, 0, 0, 0, 0, 0, 0, 0, 0, 0, 0, 0, 0, 0, 0, 0, 0, 0, 0, 0, 0, 0, 0, 0, 0, 0, 0, 0, 0, 0, 0, 0, 0, 0, 0, 0, 0, 0, 0, 0, 0, 0, 0, 0, 0, 0, 0, 0, 0, 0, 0, 0, 0, 0, 0, 0, 0, 0, 0, 0, 0, 0, 0, 0, 0, 0, 0, 0, 0, 0, 0, 0, 0, 0, 0, 0, 0, 0, 0]
client base client  11, total_num is 40,label is [0, 0, 10, 0, 0, 0, 0, 0, 0, 0, 30, 0, 0, 0, 0, 0, 0, 0, 0, 0, 0, 0, 0, 0, 0, 0, 0, 0, 0, 0, 0, 0, 0, 0, 0, 0, 0, 0, 0, 0, 0, 0, 0, 0, 0, 0, 0, 0, 0, 0, 0, 0, 0, 0, 0, 0, 0, 0, 0, 0, 0, 0, 0, 0, 0, 0, 0, 0, 0, 0, 0, 0, 0, 0, 0, 0, 0, 0, 0, 0, 0, 0, 0, 0, 0, 0, 0, 0, 0, 0, 0, 0, 0, 0, 0, 0, 0, 0, 0, 0]
client base client  12, total_num is 40,label is [31, 0, 0, 0, 0, 0, 0, 0, 0, 0, 9, 0, 0, 0, 0, 0, 0, 0, 0, 0, 0, 0, 0, 0, 0, 0, 0, 0, 0, 0, 0, 0, 0, 0, 0, 0, 0, 0, 0, 0, 0, 0, 0, 0, 0, 0, 0, 0, 0, 0, 0, 0, 0, 0, 0, 0, 0, 0, 0, 0, 0, 0, 0, 0, 0, 0, 0, 0, 0, 0, 0, 0, 0, 0, 0, 0, 0, 0, 0, 0, 0, 0, 0, 0, 0, 0, 0, 0, 0, 0, 0, 0, 0, 0, 0, 0, 0, 0, 0, 0]
client base client  13, total_num is 40,label is [0, 0, 28, 0, 0, 6, 0, 0, 0, 0, 6, 0, 0, 0, 0, 0, 0, 0, 0, 0, 0, 0, 0, 0, 0, 0, 0, 0, 0, 0, 0, 0, 0, 0, 0, 0, 0, 0, 0, 0, 0, 0, 0, 0, 0, 0, 0, 0, 0, 0, 0, 0, 0, 0, 0, 0, 0, 0, 0, 0, 0, 0, 0, 0, 0, 0, 0, 0, 0, 0, 0, 0, 0, 0, 0, 0, 0, 0, 0, 0, 0, 0, 0, 0, 0, 0, 0, 0, 0, 0, 0, 0, 0, 0, 0, 0, 0, 0, 0, 0]
client base client  14, total_num is 40,label is [1, 0, 8, 0, 0, 0, 0, 31, 0, 0, 0, 0, 0, 0, 0, 0, 0, 0, 0, 0, 0, 0, 0, 0, 0, 0, 0, 0, 0, 0, 0, 0, 0, 0, 0, 0, 0, 0, 0, 0, 0, 0, 0, 0, 0, 0, 0, 0, 0, 0, 0, 0, 0, 0, 0, 0, 0, 0, 0, 0, 0, 0, 0, 0, 0, 0, 0, 0, 0, 0, 0, 0, 0, 0, 0, 0, 0, 0, 0, 0, 0, 0, 0, 0, 0, 0, 0, 0, 0, 0, 0, 0, 0, 0, 0, 0, 0, 0, 0, 0]
client base client  15, total_num is 40,label is [30, 0, 0, 0, 0, 0, 0, 10, 0, 0, 0, 0, 0, 0, 0, 0, 0, 0, 0, 0, 0, 0, 0, 0, 0, 0, 0, 0, 0, 0, 0, 0, 0, 0, 0, 0, 0, 0, 0, 0, 0, 0, 0, 0, 0, 0, 0, 0, 0, 0, 0, 0, 0, 0, 0, 0, 0, 0, 0, 0, 0, 0, 0, 0, 0, 0, 0, 0, 0, 0, 0, 0, 0, 0, 0, 0, 0, 0, 0, 0, 0, 0, 0, 0, 0, 0, 0, 0, 0, 0, 0, 0, 0, 0, 0, 0, 0, 0, 0, 0]
client base client  16, total_num is 52,label is [0, 0, 0, 0, 0, 0, 52, 0, 0, 0, 0, 0, 0, 0, 0, 0, 0, 0, 0, 0, 0, 0, 0, 0, 0, 0, 0, 0, 0, 0, 0, 0, 0, 0, 0, 0, 0, 0, 0, 0, 0, 0, 0, 0, 0, 0, 0, 0, 0, 0, 0, 0, 0, 0, 0, 0, 0, 0, 0, 0, 0, 0, 0, 0, 0, 0, 0, 0, 0, 0, 0, 0, 0, 0, 0, 0, 0, 0, 0, 0, 0, 0, 0, 0, 0, 0, 0, 0, 0, 0, 0, 0, 0, 0, 0, 0, 0, 0, 0, 0]
client base client  17, total_num is 40,label is [40, 0, 0, 0, 0, 0, 0, 0, 0, 0, 0, 0, 0, 0, 0, 0, 0, 0, 0, 0, 0, 0, 0, 0, 0, 0, 0, 0, 0, 0, 0, 0, 0, 0, 0, 0, 0, 0, 0, 0, 0, 0, 0, 0, 0, 0, 0, 0, 0, 0, 0, 0, 0, 0, 0, 0, 0, 0, 0, 0, 0, 0, 0, 0, 0, 0, 0, 0, 0, 0, 0, 0, 0, 0, 0, 0, 0, 0, 0, 0, 0, 0, 0, 0, 0, 0, 0, 0, 0, 0, 0, 0, 0, 0, 0, 0, 0, 0, 0, 0]
client base client  18, total_num is 40,label is [0, 0, 0, 0, 40, 0, 0, 0, 0, 0, 0, 0, 0, 0, 0, 0, 0, 0, 0, 0, 0, 0, 0, 0, 0, 0, 0, 0, 0, 0, 0, 0, 0, 0, 0, 0, 0, 0, 0, 0, 0, 0, 0, 0, 0, 0, 0, 0, 0, 0, 0, 0, 0, 0, 0, 0, 0, 0, 0, 0, 0, 0, 0, 0, 0, 0, 0, 0, 0, 0, 0, 0, 0, 0, 0, 0, 0, 0, 0, 0, 0, 0, 0, 0, 0, 0, 0, 0, 0, 0, 0, 0, 0, 0, 0, 0, 0, 0, 0, 0]
client base client  19, total_num is 40,label is [0, 0, 0, 0, 0, 0, 0, 0, 0, 0, 40, 0, 0, 0, 0, 0, 0, 0, 0, 0, 0, 0, 0, 0, 0, 0, 0, 0, 0, 0, 0, 0, 0, 0, 0, 0, 0, 0, 0, 0, 0, 0, 0, 0, 0, 0, 0, 0, 0, 0, 0, 0, 0, 0, 0, 0, 0, 0, 0, 0, 0, 0, 0, 0, 0, 0, 0, 0, 0, 0, 0, 0, 0, 0, 0, 0, 0, 0, 0, 0, 0, 0, 0, 0, 0, 0, 0, 0, 0, 0, 0, 0, 0, 0, 0, 0, 0, 0, 0, 0]
client base client  20, total_num is 40,label is [10, 0, 0, 0, 0, 15, 15, 0, 0, 0, 0, 0, 0, 0, 0, 0, 0, 0, 0, 0, 0, 0, 0, 0, 0, 0, 0, 0, 0, 0, 0, 0, 0, 0, 0, 0, 0, 0, 0, 0, 0, 0, 0, 0, 0, 0, 0, 0, 0, 0, 0, 0, 0, 0, 0, 0, 0, 0, 0, 0, 0, 0, 0, 0, 0, 0, 0, 0, 0, 0, 0, 0, 0, 0, 0, 0, 0, 0, 0, 0, 0, 0, 0, 0, 0, 0, 0, 0, 0, 0, 0, 0, 0, 0, 0, 0, 0, 0, 0, 0]
client base client  21, total_num is 40,label is [0, 0, 0, 0, 0, 0, 0, 40, 0, 0, 0, 0, 0, 0, 0, 0, 0, 0, 0, 0, 0, 0, 0, 0, 0, 0, 0, 0, 0, 0, 0, 0, 0, 0, 0, 0, 0, 0, 0, 0, 0, 0, 0, 0, 0, 0, 0, 0, 0, 0, 0, 0, 0, 0, 0, 0, 0, 0, 0, 0, 0, 0, 0, 0, 0, 0, 0, 0, 0, 0, 0, 0, 0, 0, 0, 0, 0, 0, 0, 0, 0, 0, 0, 0, 0, 0, 0, 0, 0, 0, 0, 0, 0, 0, 0, 0, 0, 0, 0, 0]
client base client  22, total_num is 40,label is [0, 0, 0, 0, 0, 28, 0, 0, 3, 0, 0, 8, 0, 0, 1, 0, 0, 0, 0, 0, 0, 0, 0, 0, 0, 0, 0, 0, 0, 0, 0, 0, 0, 0, 0, 0, 0, 0, 0, 0, 0, 0, 0, 0, 0, 0, 0, 0, 0, 0, 0, 0, 0, 0, 0, 0, 0, 0, 0, 0, 0, 0, 0, 0, 0, 0, 0, 0, 0, 0, 0, 0, 0, 0, 0, 0, 0, 0, 0, 0, 0, 0, 0, 0, 0, 0, 0, 0, 0, 0, 0, 0, 0, 0, 0, 0, 0, 0, 0, 0]
client base client  23, total_num is 40,label is [0, 0, 0, 0, 0, 40, 0, 0, 0, 0, 0, 0, 0, 0, 0, 0, 0, 0, 0, 0, 0, 0, 0, 0, 0, 0, 0, 0, 0, 0, 0, 0, 0, 0, 0, 0, 0, 0, 0, 0, 0, 0, 0, 0, 0, 0, 0, 0, 0, 0, 0, 0, 0, 0, 0, 0, 0, 0, 0, 0, 0, 0, 0, 0, 0, 0, 0, 0, 0, 0, 0, 0, 0, 0, 0, 0, 0, 0, 0, 0, 0, 0, 0, 0, 0, 0, 0, 0, 0, 0, 0, 0, 0, 0, 0, 0, 0, 0, 0, 0]
client base client  24, total_num is 40,label is [0, 0, 6, 1, 0, 0, 0, 0, 9, 24, 0, 0, 0, 0, 0, 0, 0, 0, 0, 0, 0, 0, 0, 0, 0, 0, 0, 0, 0, 0, 0, 0, 0, 0, 0, 0, 0, 0, 0, 0, 0, 0, 0, 0, 0, 0, 0, 0, 0, 0, 0, 0, 0, 0, 0, 0, 0, 0, 0, 0, 0, 0, 0, 0, 0, 0, 0, 0, 0, 0, 0, 0, 0, 0, 0, 0, 0, 0, 0, 0, 0, 0, 0, 0, 0, 0, 0, 0, 0, 0, 0, 0, 0, 0, 0, 0, 0, 0, 0, 0]
client base client  25, total_num is 40,label is [0, 0, 0, 0, 0, 0, 0, 0, 0, 40, 0, 0, 0, 0, 0, 0, 0, 0, 0, 0, 0, 0, 0, 0, 0, 0, 0, 0, 0, 0, 0, 0, 0, 0, 0, 0, 0, 0, 0, 0, 0, 0, 0, 0, 0, 0, 0, 0, 0, 0, 0, 0, 0, 0, 0, 0, 0, 0, 0, 0, 0, 0, 0, 0, 0, 0, 0, 0, 0, 0, 0, 0, 0, 0, 0, 0, 0, 0, 0, 0, 0, 0, 0, 0, 0, 0, 0, 0, 0, 0, 0, 0, 0, 0, 0, 0, 0, 0, 0, 0]
client base client  26, total_num is 40,label is [7, 16, 0, 0, 0, 0, 0, 0, 0, 17, 0, 0, 0, 0, 0, 0, 0, 0, 0, 0, 0, 0, 0, 0, 0, 0, 0, 0, 0, 0, 0, 0, 0, 0, 0, 0, 0, 0, 0, 0, 0, 0, 0, 0, 0, 0, 0, 0, 0, 0, 0, 0, 0, 0, 0, 0, 0, 0, 0, 0, 0, 0, 0, 0, 0, 0, 0, 0, 0, 0, 0, 0, 0, 0, 0, 0, 0, 0, 0, 0, 0, 0, 0, 0, 0, 0, 0, 0, 0, 0, 0, 0, 0, 0, 0, 0, 0, 0, 0, 0]
client base client  27, total_num is 167,label is [0, 0, 0, 167, 0, 0, 0, 0, 0, 0, 0, 0, 0, 0, 0, 0, 0, 0, 0, 0, 0, 0, 0, 0, 0, 0, 0, 0, 0, 0, 0, 0, 0, 0, 0, 0, 0, 0, 0, 0, 0, 0, 0, 0, 0, 0, 0, 0, 0, 0, 0, 0, 0, 0, 0, 0, 0, 0, 0, 0, 0, 0, 0, 0, 0, 0, 0, 0, 0, 0, 0, 0, 0, 0, 0, 0, 0, 0, 0, 0, 0, 0, 0, 0, 0, 0, 0, 0, 0, 0, 0, 0, 0, 0, 0, 0, 0, 0, 0, 0]
client base client  28, total_num is 63,label is [0, 0, 54, 9, 0, 0, 0, 0, 0, 0, 0, 0, 0, 0, 0, 0, 0, 0, 0, 0, 0, 0, 0, 0, 0, 0, 0, 0, 0, 0, 0, 0, 0, 0, 0, 0, 0, 0, 0, 0, 0, 0, 0, 0, 0, 0, 0, 0, 0, 0, 0, 0, 0, 0, 0, 0, 0, 0, 0, 0, 0, 0, 0, 0, 0, 0, 0, 0, 0, 0, 0, 0, 0, 0, 0, 0, 0, 0, 0, 0, 0, 0, 0, 0, 0, 0, 0, 0, 0, 0, 0, 0, 0, 0, 0, 0, 0, 0, 0, 0]
client base client  29, total_num is 40,label is [0, 9, 13, 0, 6, 0, 0, 0, 0, 12, 0, 0, 0, 0, 0, 0, 0, 0, 0, 0, 0, 0, 0, 0, 0, 0, 0, 0, 0, 0, 0, 0, 0, 0, 0, 0, 0, 0, 0, 0, 0, 0, 0, 0, 0, 0, 0, 0, 0, 0, 0, 0, 0, 0, 0, 0, 0, 0, 0, 0, 0, 0, 0, 0, 0, 0, 0, 0, 0, 0, 0, 0, 0, 0, 0, 0, 0, 0, 0, 0, 0, 0, 0, 0, 0, 0, 0, 0, 0, 0, 0, 0, 0, 0, 0, 0, 0, 0, 0, 0]
client base client  30, total_num is 266,label is [0, 245, 0, 0, 0, 0, 0, 0, 0, 0, 0, 0, 0, 0, 0, 21, 0, 0, 0, 0, 0, 0, 0, 0, 0, 0, 0, 0, 0, 0, 0, 0, 0, 0, 0, 0, 0, 0, 0, 0, 0, 0, 0, 0, 0, 0, 0, 0, 0, 0, 0, 0, 0, 0, 0, 0, 0, 0, 0, 0, 0, 0, 0, 0, 0, 0, 0, 0, 0, 0, 0, 0, 0, 0, 0, 0, 0, 0, 0, 0, 0, 0, 0, 0, 0, 0, 0, 0, 0, 0, 0, 0, 0, 0, 0, 0, 0, 0, 0, 0]
client base client  31, total_num is 77,label is [0, 0, 0, 0, 0, 0, 8, 0, 0, 0, 0, 0, 0, 0, 0, 69, 0, 0, 0, 0, 0, 0, 0, 0, 0, 0, 0, 0, 0, 0, 0, 0, 0, 0, 0, 0, 0, 0, 0, 0, 0, 0, 0, 0, 0, 0, 0, 0, 0, 0, 0, 0, 0, 0, 0, 0, 0, 0, 0, 0, 0, 0, 0, 0, 0, 0, 0, 0, 0, 0, 0, 0, 0, 0, 0, 0, 0, 0, 0, 0, 0, 0, 0, 0, 0, 0, 0, 0, 0, 0, 0, 0, 0, 0, 0, 0, 0, 0, 0, 0]
client base client  32, total_num is 40,label is [0, 5, 0, 0, 35, 0, 0, 0, 0, 0, 0, 0, 0, 0, 0, 0, 0, 0, 0, 0, 0, 0, 0, 0, 0, 0, 0, 0, 0, 0, 0, 0, 0, 0, 0, 0, 0, 0, 0, 0, 0, 0, 0, 0, 0, 0, 0, 0, 0, 0, 0, 0, 0, 0, 0, 0, 0, 0, 0, 0, 0, 0, 0, 0, 0, 0, 0, 0, 0, 0, 0, 0, 0, 0, 0, 0, 0, 0, 0, 0, 0, 0, 0, 0, 0, 0, 0, 0, 0, 0, 0, 0, 0, 0, 0, 0, 0, 0, 0, 0]
client base client  33, total_num is 50,label is [0, 0, 16, 0, 34, 0, 0, 0, 0, 0, 0, 0, 0, 0, 0, 0, 0, 0, 0, 0, 0, 0, 0, 0, 0, 0, 0, 0, 0, 0, 0, 0, 0, 0, 0, 0, 0, 0, 0, 0, 0, 0, 0, 0, 0, 0, 0, 0, 0, 0, 0, 0, 0, 0, 0, 0, 0, 0, 0, 0, 0, 0, 0, 0, 0, 0, 0, 0, 0, 0, 0, 0, 0, 0, 0, 0, 0, 0, 0, 0, 0, 0, 0, 0, 0, 0, 0, 0, 0, 0, 0, 0, 0, 0, 0, 0, 0, 0, 0, 0]
client base client  34, total_num is 145,label is [0, 0, 0, 0, 104, 41, 0, 0, 0, 0, 0, 0, 0, 0, 0, 0, 0, 0, 0, 0, 0, 0, 0, 0, 0, 0, 0, 0, 0, 0, 0, 0, 0, 0, 0, 0, 0, 0, 0, 0, 0, 0, 0, 0, 0, 0, 0, 0, 0, 0, 0, 0, 0, 0, 0, 0, 0, 0, 0, 0, 0, 0, 0, 0, 0, 0, 0, 0, 0, 0, 0, 0, 0, 0, 0, 0, 0, 0, 0, 0, 0, 0, 0, 0, 0, 0, 0, 0, 0, 0, 0, 0, 0, 0, 0, 0, 0, 0, 0, 0]
client base client  35, total_num is 54,label is [0, 0, 0, 0, 31, 23, 0, 0, 0, 0, 0, 0, 0, 0, 0, 0, 0, 0, 0, 0, 0, 0, 0, 0, 0, 0, 0, 0, 0, 0, 0, 0, 0, 0, 0, 0, 0, 0, 0, 0, 0, 0, 0, 0, 0, 0, 0, 0, 0, 0, 0, 0, 0, 0, 0, 0, 0, 0, 0, 0, 0, 0, 0, 0, 0, 0, 0, 0, 0, 0, 0, 0, 0, 0, 0, 0, 0, 0, 0, 0, 0, 0, 0, 0, 0, 0, 0, 0, 0, 0, 0, 0, 0, 0, 0, 0, 0, 0, 0, 0]
client base client  36, total_num is 64,label is [0, 0, 56, 0, 0, 0, 8, 0, 0, 0, 0, 0, 0, 0, 0, 0, 0, 0, 0, 0, 0, 0, 0, 0, 0, 0, 0, 0, 0, 0, 0, 0, 0, 0, 0, 0, 0, 0, 0, 0, 0, 0, 0, 0, 0, 0, 0, 0, 0, 0, 0, 0, 0, 0, 0, 0, 0, 0, 0, 0, 0, 0, 0, 0, 0, 0, 0, 0, 0, 0, 0, 0, 0, 0, 0, 0, 0, 0, 0, 0, 0, 0, 0, 0, 0, 0, 0, 0, 0, 0, 0, 0, 0, 0, 0, 0, 0, 0, 0, 0]
client base client  37, total_num is 58,label is [0, 0, 56, 0, 0, 0, 2, 0, 0, 0, 0, 0, 0, 0, 0, 0, 0, 0, 0, 0, 0, 0, 0, 0, 0, 0, 0, 0, 0, 0, 0, 0, 0, 0, 0, 0, 0, 0, 0, 0, 0, 0, 0, 0, 0, 0, 0, 0, 0, 0, 0, 0, 0, 0, 0, 0, 0, 0, 0, 0, 0, 0, 0, 0, 0, 0, 0, 0, 0, 0, 0, 0, 0, 0, 0, 0, 0, 0, 0, 0, 0, 0, 0, 0, 0, 0, 0, 0, 0, 0, 0, 0, 0, 0, 0, 0, 0, 0, 0, 0]
client base client  38, total_num is 164,label is [0, 0, 0, 0, 0, 0, 0, 0, 0, 0, 123, 0, 0, 0, 41, 0, 0, 0, 0, 0, 0, 0, 0, 0, 0, 0, 0, 0, 0, 0, 0, 0, 0, 0, 0, 0, 0, 0, 0, 0, 0, 0, 0, 0, 0, 0, 0, 0, 0, 0, 0, 0, 0, 0, 0, 0, 0, 0, 0, 0, 0, 0, 0, 0, 0, 0, 0, 0, 0, 0, 0, 0, 0, 0, 0, 0, 0, 0, 0, 0, 0, 0, 0, 0, 0, 0, 0, 0, 0, 0, 0, 0, 0, 0, 0, 0, 0, 0, 0, 0]
client base client  39, total_num is 89,label is [0, 0, 82, 0, 0, 0, 0, 0, 7, 0, 0, 0, 0, 0, 0, 0, 0, 0, 0, 0, 0, 0, 0, 0, 0, 0, 0, 0, 0, 0, 0, 0, 0, 0, 0, 0, 0, 0, 0, 0, 0, 0, 0, 0, 0, 0, 0, 0, 0, 0, 0, 0, 0, 0, 0, 0, 0, 0, 0, 0, 0, 0, 0, 0, 0, 0, 0, 0, 0, 0, 0, 0, 0, 0, 0, 0, 0, 0, 0, 0, 0, 0, 0, 0, 0, 0, 0, 0, 0, 0, 0, 0, 0, 0, 0, 0, 0, 0, 0, 0]
client base client  40, total_num is 163,label is [0, 0, 0, 0, 0, 0, 0, 72, 0, 0, 91, 0, 0, 0, 0, 0, 0, 0, 0, 0, 0, 0, 0, 0, 0, 0, 0, 0, 0, 0, 0, 0, 0, 0, 0, 0, 0, 0, 0, 0, 0, 0, 0, 0, 0, 0, 0, 0, 0, 0, 0, 0, 0, 0, 0, 0, 0, 0, 0, 0, 0, 0, 0, 0, 0, 0, 0, 0, 0, 0, 0, 0, 0, 0, 0, 0, 0, 0, 0, 0, 0, 0, 0, 0, 0, 0, 0, 0, 0, 0, 0, 0, 0, 0, 0, 0, 0, 0, 0, 0]
client base client  41, total_num is 40,label is [0, 32, 5, 3, 0, 0, 0, 0, 0, 0, 0, 0, 0, 0, 0, 0, 0, 0, 0, 0, 0, 0, 0, 0, 0, 0, 0, 0, 0, 0, 0, 0, 0, 0, 0, 0, 0, 0, 0, 0, 0, 0, 0, 0, 0, 0, 0, 0, 0, 0, 0, 0, 0, 0, 0, 0, 0, 0, 0, 0, 0, 0, 0, 0, 0, 0, 0, 0, 0, 0, 0, 0, 0, 0, 0, 0, 0, 0, 0, 0, 0, 0, 0, 0, 0, 0, 0, 0, 0, 0, 0, 0, 0, 0, 0, 0, 0, 0, 0, 0]
client base client  42, total_num is 93,label is [0, 0, 0, 65, 28, 0, 0, 0, 0, 0, 0, 0, 0, 0, 0, 0, 0, 0, 0, 0, 0, 0, 0, 0, 0, 0, 0, 0, 0, 0, 0, 0, 0, 0, 0, 0, 0, 0, 0, 0, 0, 0, 0, 0, 0, 0, 0, 0, 0, 0, 0, 0, 0, 0, 0, 0, 0, 0, 0, 0, 0, 0, 0, 0, 0, 0, 0, 0, 0, 0, 0, 0, 0, 0, 0, 0, 0, 0, 0, 0, 0, 0, 0, 0, 0, 0, 0, 0, 0, 0, 0, 0, 0, 0, 0, 0, 0, 0, 0, 0]
client base client  43, total_num is 82,label is [6, 0, 0, 0, 0, 0, 0, 76, 0, 0, 0, 0, 0, 0, 0, 0, 0, 0, 0, 0, 0, 0, 0, 0, 0, 0, 0, 0, 0, 0, 0, 0, 0, 0, 0, 0, 0, 0, 0, 0, 0, 0, 0, 0, 0, 0, 0, 0, 0, 0, 0, 0, 0, 0, 0, 0, 0, 0, 0, 0, 0, 0, 0, 0, 0, 0, 0, 0, 0, 0, 0, 0, 0, 0, 0, 0, 0, 0, 0, 0, 0, 0, 0, 0, 0, 0, 0, 0, 0, 0, 0, 0, 0, 0, 0, 0, 0, 0, 0, 0]
client base client  44, total_num is 156,label is [155, 0, 1, 0, 0, 0, 0, 0, 0, 0, 0, 0, 0, 0, 0, 0, 0, 0, 0, 0, 0, 0, 0, 0, 0, 0, 0, 0, 0, 0, 0, 0, 0, 0, 0, 0, 0, 0, 0, 0, 0, 0, 0, 0, 0, 0, 0, 0, 0, 0, 0, 0, 0, 0, 0, 0, 0, 0, 0, 0, 0, 0, 0, 0, 0, 0, 0, 0, 0, 0, 0, 0, 0, 0, 0, 0, 0, 0, 0, 0, 0, 0, 0, 0, 0, 0, 0, 0, 0, 0, 0, 0, 0, 0, 0, 0, 0, 0, 0, 0]
client base client  45, total_num is 55,label is [0, 0, 0, 0, 0, 0, 7, 48, 0, 0, 0, 0, 0, 0, 0, 0, 0, 0, 0, 0, 0, 0, 0, 0, 0, 0, 0, 0, 0, 0, 0, 0, 0, 0, 0, 0, 0, 0, 0, 0, 0, 0, 0, 0, 0, 0, 0, 0, 0, 0, 0, 0, 0, 0, 0, 0, 0, 0, 0, 0, 0, 0, 0, 0, 0, 0, 0, 0, 0, 0, 0, 0, 0, 0, 0, 0, 0, 0, 0, 0, 0, 0, 0, 0, 0, 0, 0, 0, 0, 0, 0, 0, 0, 0, 0, 0, 0, 0, 0, 0]
client base client  46, total_num is 44,label is [0, 0, 0, 35, 0, 0, 0, 9, 0, 0, 0, 0, 0, 0, 0, 0, 0, 0, 0, 0, 0, 0, 0, 0, 0, 0, 0, 0, 0, 0, 0, 0, 0, 0, 0, 0, 0, 0, 0, 0, 0, 0, 0, 0, 0, 0, 0, 0, 0, 0, 0, 0, 0, 0, 0, 0, 0, 0, 0, 0, 0, 0, 0, 0, 0, 0, 0, 0, 0, 0, 0, 0, 0, 0, 0, 0, 0, 0, 0, 0, 0, 0, 0, 0, 0, 0, 0, 0, 0, 0, 0, 0, 0, 0, 0, 0, 0, 0, 0, 0]
client base client  47, total_num is 40,label is [0, 0, 32, 0, 0, 7, 0, 0, 0, 0, 1, 0, 0, 0, 0, 0, 0, 0, 0, 0, 0, 0, 0, 0, 0, 0, 0, 0, 0, 0, 0, 0, 0, 0, 0, 0, 0, 0, 0, 0, 0, 0, 0, 0, 0, 0, 0, 0, 0, 0, 0, 0, 0, 0, 0, 0, 0, 0, 0, 0, 0, 0, 0, 0, 0, 0, 0, 0, 0, 0, 0, 0, 0, 0, 0, 0, 0, 0, 0, 0, 0, 0, 0, 0, 0, 0, 0, 0, 0, 0, 0, 0, 0, 0, 0, 0, 0, 0, 0, 0]
client base client  48, total_num is 40,label is [0, 0, 7, 0, 0, 1, 0, 0, 0, 0, 0, 0, 0, 32, 0, 0, 0, 0, 0, 0, 0, 0, 0, 0, 0, 0, 0, 0, 0, 0, 0, 0, 0, 0, 0, 0, 0, 0, 0, 0, 0, 0, 0, 0, 0, 0, 0, 0, 0, 0, 0, 0, 0, 0, 0, 0, 0, 0, 0, 0, 0, 0, 0, 0, 0, 0, 0, 0, 0, 0, 0, 0, 0, 0, 0, 0, 0, 0, 0, 0, 0, 0, 0, 0, 0, 0, 0, 0, 0, 0, 0, 0, 0, 0, 0, 0, 0, 0, 0, 0]
client base client  49, total_num is 64,label is [0, 33, 0, 31, 0, 0, 0, 0, 0, 0, 0, 0, 0, 0, 0, 0, 0, 0, 0, 0, 0, 0, 0, 0, 0, 0, 0, 0, 0, 0, 0, 0, 0, 0, 0, 0, 0, 0, 0, 0, 0, 0, 0, 0, 0, 0, 0, 0, 0, 0, 0, 0, 0, 0, 0, 0, 0, 0, 0, 0, 0, 0, 0, 0, 0, 0, 0, 0, 0, 0, 0, 0, 0, 0, 0, 0, 0, 0, 0, 0, 0, 0, 0, 0, 0, 0, 0, 0, 0, 0, 0, 0, 0, 0, 0, 0, 0, 0, 0, 0]
client base client  50, total_num is 107,label is [0, 0, 0, 0, 0, 0, 78, 0, 0, 0, 0, 0, 0, 0, 29, 0, 0, 0, 0, 0, 0, 0, 0, 0, 0, 0, 0, 0, 0, 0, 0, 0, 0, 0, 0, 0, 0, 0, 0, 0, 0, 0, 0, 0, 0, 0, 0, 0, 0, 0, 0, 0, 0, 0, 0, 0, 0, 0, 0, 0, 0, 0, 0, 0, 0, 0, 0, 0, 0, 0, 0, 0, 0, 0, 0, 0, 0, 0, 0, 0, 0, 0, 0, 0, 0, 0, 0, 0, 0, 0, 0, 0, 0, 0, 0, 0, 0, 0, 0, 0]
client base client  51, total_num is 82,label is [0, 0, 9, 0, 0, 73, 0, 0, 0, 0, 0, 0, 0, 0, 0, 0, 0, 0, 0, 0, 0, 0, 0, 0, 0, 0, 0, 0, 0, 0, 0, 0, 0, 0, 0, 0, 0, 0, 0, 0, 0, 0, 0, 0, 0, 0, 0, 0, 0, 0, 0, 0, 0, 0, 0, 0, 0, 0, 0, 0, 0, 0, 0, 0, 0, 0, 0, 0, 0, 0, 0, 0, 0, 0, 0, 0, 0, 0, 0, 0, 0, 0, 0, 0, 0, 0, 0, 0, 0, 0, 0, 0, 0, 0, 0, 0, 0, 0, 0, 0]
client base client  52, total_num is 83,label is [0, 0, 0, 0, 0, 0, 61, 0, 22, 0, 0, 0, 0, 0, 0, 0, 0, 0, 0, 0, 0, 0, 0, 0, 0, 0, 0, 0, 0, 0, 0, 0, 0, 0, 0, 0, 0, 0, 0, 0, 0, 0, 0, 0, 0, 0, 0, 0, 0, 0, 0, 0, 0, 0, 0, 0, 0, 0, 0, 0, 0, 0, 0, 0, 0, 0, 0, 0, 0, 0, 0, 0, 0, 0, 0, 0, 0, 0, 0, 0, 0, 0, 0, 0, 0, 0, 0, 0, 0, 0, 0, 0, 0, 0, 0, 0, 0, 0, 0, 0]
client base client  53, total_num is 164,label is [0, 0, 0, 4, 0, 160, 0, 0, 0, 0, 0, 0, 0, 0, 0, 0, 0, 0, 0, 0, 0, 0, 0, 0, 0, 0, 0, 0, 0, 0, 0, 0, 0, 0, 0, 0, 0, 0, 0, 0, 0, 0, 0, 0, 0, 0, 0, 0, 0, 0, 0, 0, 0, 0, 0, 0, 0, 0, 0, 0, 0, 0, 0, 0, 0, 0, 0, 0, 0, 0, 0, 0, 0, 0, 0, 0, 0, 0, 0, 0, 0, 0, 0, 0, 0, 0, 0, 0, 0, 0, 0, 0, 0, 0, 0, 0, 0, 0, 0, 0]
client base client  54, total_num is 58,label is [52, 0, 0, 6, 0, 0, 0, 0, 0, 0, 0, 0, 0, 0, 0, 0, 0, 0, 0, 0, 0, 0, 0, 0, 0, 0, 0, 0, 0, 0, 0, 0, 0, 0, 0, 0, 0, 0, 0, 0, 0, 0, 0, 0, 0, 0, 0, 0, 0, 0, 0, 0, 0, 0, 0, 0, 0, 0, 0, 0, 0, 0, 0, 0, 0, 0, 0, 0, 0, 0, 0, 0, 0, 0, 0, 0, 0, 0, 0, 0, 0, 0, 0, 0, 0, 0, 0, 0, 0, 0, 0, 0, 0, 0, 0, 0, 0, 0, 0, 0]
client base client  55, total_num is 50,label is [18, 0, 0, 0, 0, 0, 0, 0, 32, 0, 0, 0, 0, 0, 0, 0, 0, 0, 0, 0, 0, 0, 0, 0, 0, 0, 0, 0, 0, 0, 0, 0, 0, 0, 0, 0, 0, 0, 0, 0, 0, 0, 0, 0, 0, 0, 0, 0, 0, 0, 0, 0, 0, 0, 0, 0, 0, 0, 0, 0, 0, 0, 0, 0, 0, 0, 0, 0, 0, 0, 0, 0, 0, 0, 0, 0, 0, 0, 0, 0, 0, 0, 0, 0, 0, 0, 0, 0, 0, 0, 0, 0, 0, 0, 0, 0, 0, 0, 0, 0]
client base client  56, total_num is 40,label is [0, 0, 23, 0, 0, 0, 5, 0, 12, 0, 0, 0, 0, 0, 0, 0, 0, 0, 0, 0, 0, 0, 0, 0, 0, 0, 0, 0, 0, 0, 0, 0, 0, 0, 0, 0, 0, 0, 0, 0, 0, 0, 0, 0, 0, 0, 0, 0, 0, 0, 0, 0, 0, 0, 0, 0, 0, 0, 0, 0, 0, 0, 0, 0, 0, 0, 0, 0, 0, 0, 0, 0, 0, 0, 0, 0, 0, 0, 0, 0, 0, 0, 0, 0, 0, 0, 0, 0, 0, 0, 0, 0, 0, 0, 0, 0, 0, 0, 0, 0]
client base client  57, total_num is 79,label is [40, 0, 39, 0, 0, 0, 0, 0, 0, 0, 0, 0, 0, 0, 0, 0, 0, 0, 0, 0, 0, 0, 0, 0, 0, 0, 0, 0, 0, 0, 0, 0, 0, 0, 0, 0, 0, 0, 0, 0, 0, 0, 0, 0, 0, 0, 0, 0, 0, 0, 0, 0, 0, 0, 0, 0, 0, 0, 0, 0, 0, 0, 0, 0, 0, 0, 0, 0, 0, 0, 0, 0, 0, 0, 0, 0, 0, 0, 0, 0, 0, 0, 0, 0, 0, 0, 0, 0, 0, 0, 0, 0, 0, 0, 0, 0, 0, 0, 0, 0]
client base client  58, total_num is 40,label is [0, 0, 20, 0, 10, 0, 0, 0, 10, 0, 0, 0, 0, 0, 0, 0, 0, 0, 0, 0, 0, 0, 0, 0, 0, 0, 0, 0, 0, 0, 0, 0, 0, 0, 0, 0, 0, 0, 0, 0, 0, 0, 0, 0, 0, 0, 0, 0, 0, 0, 0, 0, 0, 0, 0, 0, 0, 0, 0, 0, 0, 0, 0, 0, 0, 0, 0, 0, 0, 0, 0, 0, 0, 0, 0, 0, 0, 0, 0, 0, 0, 0, 0, 0, 0, 0, 0, 0, 0, 0, 0, 0, 0, 0, 0, 0, 0, 0, 0, 0]
client base client  59, total_num is 40,label is [0, 0, 18, 11, 0, 0, 0, 0, 11, 0, 0, 0, 0, 0, 0, 0, 0, 0, 0, 0, 0, 0, 0, 0, 0, 0, 0, 0, 0, 0, 0, 0, 0, 0, 0, 0, 0, 0, 0, 0, 0, 0, 0, 0, 0, 0, 0, 0, 0, 0, 0, 0, 0, 0, 0, 0, 0, 0, 0, 0, 0, 0, 0, 0, 0, 0, 0, 0, 0, 0, 0, 0, 0, 0, 0, 0, 0, 0, 0, 0, 0, 0, 0, 0, 0, 0, 0, 0, 0, 0, 0, 0, 0, 0, 0, 0, 0, 0, 0, 0]
client base client  60, total_num is 75,label is [0, 0, 0, 0, 0, 0, 11, 0, 0, 2, 0, 21, 41, 0, 0, 0, 0, 0, 0, 0, 0, 0, 0, 0, 0, 0, 0, 0, 0, 0, 0, 0, 0, 0, 0, 0, 0, 0, 0, 0, 0, 0, 0, 0, 0, 0, 0, 0, 0, 0, 0, 0, 0, 0, 0, 0, 0, 0, 0, 0, 0, 0, 0, 0, 0, 0, 0, 0, 0, 0, 0, 0, 0, 0, 0, 0, 0, 0, 0, 0, 0, 0, 0, 0, 0, 0, 0, 0, 0, 0, 0, 0, 0, 0, 0, 0, 0, 0, 0, 0]
client base client  61, total_num is 66,label is [0, 0, 0, 0, 0, 0, 0, 0, 0, 8, 0, 0, 0, 0, 35, 0, 0, 19, 0, 0, 0, 4, 0, 0, 0, 0, 0, 0, 0, 0, 0, 0, 0, 0, 0, 0, 0, 0, 0, 0, 0, 0, 0, 0, 0, 0, 0, 0, 0, 0, 0, 0, 0, 0, 0, 0, 0, 0, 0, 0, 0, 0, 0, 0, 0, 0, 0, 0, 0, 0, 0, 0, 0, 0, 0, 0, 0, 0, 0, 0, 0, 0, 0, 0, 0, 0, 0, 0, 0, 0, 0, 0, 0, 0, 0, 0, 0, 0, 0, 0]
client base client  62, total_num is 238,label is [5, 3, 0, 0, 0, 71, 0, 0, 0, 0, 0, 0, 0, 0, 0, 0, 159, 0, 0, 0, 0, 0, 0, 0, 0, 0, 0, 0, 0, 0, 0, 0, 0, 0, 0, 0, 0, 0, 0, 0, 0, 0, 0, 0, 0, 0, 0, 0, 0, 0, 0, 0, 0, 0, 0, 0, 0, 0, 0, 0, 0, 0, 0, 0, 0, 0, 0, 0, 0, 0, 0, 0, 0, 0, 0, 0, 0, 0, 0, 0, 0, 0, 0, 0, 0, 0, 0, 0, 0, 0, 0, 0, 0, 0, 0, 0, 0, 0, 0, 0]
client base client  63, total_num is 109,label is [0, 0, 0, 0, 1, 0, 0, 76, 0, 0, 30, 2, 0, 0, 0, 0, 0, 0, 0, 0, 0, 0, 0, 0, 0, 0, 0, 0, 0, 0, 0, 0, 0, 0, 0, 0, 0, 0, 0, 0, 0, 0, 0, 0, 0, 0, 0, 0, 0, 0, 0, 0, 0, 0, 0, 0, 0, 0, 0, 0, 0, 0, 0, 0, 0, 0, 0, 0, 0, 0, 0, 0, 0, 0, 0, 0, 0, 0, 0, 0, 0, 0, 0, 0, 0, 0, 0, 0, 0, 0, 0, 0, 0, 0, 0, 0, 0, 0, 0, 0]
client base client  64, total_num is 92,label is [0, 0, 0, 0, 25, 0, 0, 0, 15, 0, 0, 0, 49, 3, 0, 0, 0, 0, 0, 0, 0, 0, 0, 0, 0, 0, 0, 0, 0, 0, 0, 0, 0, 0, 0, 0, 0, 0, 0, 0, 0, 0, 0, 0, 0, 0, 0, 0, 0, 0, 0, 0, 0, 0, 0, 0, 0, 0, 0, 0, 0, 0, 0, 0, 0, 0, 0, 0, 0, 0, 0, 0, 0, 0, 0, 0, 0, 0, 0, 0, 0, 0, 0, 0, 0, 0, 0, 0, 0, 0, 0, 0, 0, 0, 0, 0, 0, 0, 0, 0]
client base client  65, total_num is 83,label is [0, 0, 14, 0, 0, 0, 8, 0, 0, 0, 0, 34, 27, 0, 0, 0, 0, 0, 0, 0, 0, 0, 0, 0, 0, 0, 0, 0, 0, 0, 0, 0, 0, 0, 0, 0, 0, 0, 0, 0, 0, 0, 0, 0, 0, 0, 0, 0, 0, 0, 0, 0, 0, 0, 0, 0, 0, 0, 0, 0, 0, 0, 0, 0, 0, 0, 0, 0, 0, 0, 0, 0, 0, 0, 0, 0, 0, 0, 0, 0, 0, 0, 0, 0, 0, 0, 0, 0, 0, 0, 0, 0, 0, 0, 0, 0, 0, 0, 0, 0]
client base client  66, total_num is 109,label is [0, 41, 0, 0, 0, 0, 0, 0, 0, 33, 0, 0, 0, 6, 0, 0, 0, 29, 0, 0, 0, 0, 0, 0, 0, 0, 0, 0, 0, 0, 0, 0, 0, 0, 0, 0, 0, 0, 0, 0, 0, 0, 0, 0, 0, 0, 0, 0, 0, 0, 0, 0, 0, 0, 0, 0, 0, 0, 0, 0, 0, 0, 0, 0, 0, 0, 0, 0, 0, 0, 0, 0, 0, 0, 0, 0, 0, 0, 0, 0, 0, 0, 0, 0, 0, 0, 0, 0, 0, 0, 0, 0, 0, 0, 0, 0, 0, 0, 0, 0]
client base client  67, total_num is 94,label is [0, 30, 0, 0, 2, 0, 0, 0, 0, 0, 0, 26, 0, 0, 36, 0, 0, 0, 0, 0, 0, 0, 0, 0, 0, 0, 0, 0, 0, 0, 0, 0, 0, 0, 0, 0, 0, 0, 0, 0, 0, 0, 0, 0, 0, 0, 0, 0, 0, 0, 0, 0, 0, 0, 0, 0, 0, 0, 0, 0, 0, 0, 0, 0, 0, 0, 0, 0, 0, 0, 0, 0, 0, 0, 0, 0, 0, 0, 0, 0, 0, 0, 0, 0, 0, 0, 0, 0, 0, 0, 0, 0, 0, 0, 0, 0, 0, 0, 0, 0]
client base client  68, total_num is 87,label is [0, 0, 0, 0, 1, 0, 8, 0, 70, 8, 0, 0, 0, 0, 0, 0, 0, 0, 0, 0, 0, 0, 0, 0, 0, 0, 0, 0, 0, 0, 0, 0, 0, 0, 0, 0, 0, 0, 0, 0, 0, 0, 0, 0, 0, 0, 0, 0, 0, 0, 0, 0, 0, 0, 0, 0, 0, 0, 0, 0, 0, 0, 0, 0, 0, 0, 0, 0, 0, 0, 0, 0, 0, 0, 0, 0, 0, 0, 0, 0, 0, 0, 0, 0, 0, 0, 0, 0, 0, 0, 0, 0, 0, 0, 0, 0, 0, 0, 0, 0]
client base client  69, total_num is 95,label is [0, 7, 0, 0, 0, 0, 0, 0, 0, 29, 17, 0, 42, 0, 0, 0, 0, 0, 0, 0, 0, 0, 0, 0, 0, 0, 0, 0, 0, 0, 0, 0, 0, 0, 0, 0, 0, 0, 0, 0, 0, 0, 0, 0, 0, 0, 0, 0, 0, 0, 0, 0, 0, 0, 0, 0, 0, 0, 0, 0, 0, 0, 0, 0, 0, 0, 0, 0, 0, 0, 0, 0, 0, 0, 0, 0, 0, 0, 0, 0, 0, 0, 0, 0, 0, 0, 0, 0, 0, 0, 0, 0, 0, 0, 0, 0, 0, 0, 0, 0]
client base client  70, total_num is 218,label is [0, 50, 0, 0, 0, 31, 0, 86, 0, 2, 9, 0, 40, 0, 0, 0, 0, 0, 0, 0, 0, 0, 0, 0, 0, 0, 0, 0, 0, 0, 0, 0, 0, 0, 0, 0, 0, 0, 0, 0, 0, 0, 0, 0, 0, 0, 0, 0, 0, 0, 0, 0, 0, 0, 0, 0, 0, 0, 0, 0, 0, 0, 0, 0, 0, 0, 0, 0, 0, 0, 0, 0, 0, 0, 0, 0, 0, 0, 0, 0, 0, 0, 0, 0, 0, 0, 0, 0, 0, 0, 0, 0, 0, 0, 0, 0, 0, 0, 0, 0]
client base client  71, total_num is 160,label is [0, 13, 20, 0, 0, 0, 27, 0, 0, 0, 0, 8, 0, 48, 44, 0, 0, 0, 0, 0, 0, 0, 0, 0, 0, 0, 0, 0, 0, 0, 0, 0, 0, 0, 0, 0, 0, 0, 0, 0, 0, 0, 0, 0, 0, 0, 0, 0, 0, 0, 0, 0, 0, 0, 0, 0, 0, 0, 0, 0, 0, 0, 0, 0, 0, 0, 0, 0, 0, 0, 0, 0, 0, 0, 0, 0, 0, 0, 0, 0, 0, 0, 0, 0, 0, 0, 0, 0, 0, 0, 0, 0, 0, 0, 0, 0, 0, 0, 0, 0]
client base client  72, total_num is 176,label is [0, 0, 0, 0, 0, 0, 0, 11, 0, 0, 9, 4, 0, 98, 0, 24, 30, 0, 0, 0, 0, 0, 0, 0, 0, 0, 0, 0, 0, 0, 0, 0, 0, 0, 0, 0, 0, 0, 0, 0, 0, 0, 0, 0, 0, 0, 0, 0, 0, 0, 0, 0, 0, 0, 0, 0, 0, 0, 0, 0, 0, 0, 0, 0, 0, 0, 0, 0, 0, 0, 0, 0, 0, 0, 0, 0, 0, 0, 0, 0, 0, 0, 0, 0, 0, 0, 0, 0, 0, 0, 0, 0, 0, 0, 0, 0, 0, 0, 0, 0]
client base client  73, total_num is 388,label is [0, 4, 0, 0, 0, 0, 0, 0, 0, 186, 0, 68, 22, 104, 4, 0, 0, 0, 0, 0, 0, 0, 0, 0, 0, 0, 0, 0, 0, 0, 0, 0, 0, 0, 0, 0, 0, 0, 0, 0, 0, 0, 0, 0, 0, 0, 0, 0, 0, 0, 0, 0, 0, 0, 0, 0, 0, 0, 0, 0, 0, 0, 0, 0, 0, 0, 0, 0, 0, 0, 0, 0, 0, 0, 0, 0, 0, 0, 0, 0, 0, 0, 0, 0, 0, 0, 0, 0, 0, 0, 0, 0, 0, 0, 0, 0, 0, 0, 0, 0]
client base client  74, total_num is 244,label is [0, 9, 0, 0, 0, 0, 0, 0, 0, 0, 58, 0, 1, 7, 0, 134, 0, 0, 35, 0, 0, 0, 0, 0, 0, 0, 0, 0, 0, 0, 0, 0, 0, 0, 0, 0, 0, 0, 0, 0, 0, 0, 0, 0, 0, 0, 0, 0, 0, 0, 0, 0, 0, 0, 0, 0, 0, 0, 0, 0, 0, 0, 0, 0, 0, 0, 0, 0, 0, 0, 0, 0, 0, 0, 0, 0, 0, 0, 0, 0, 0, 0, 0, 0, 0, 0, 0, 0, 0, 0, 0, 0, 0, 0, 0, 0, 0, 0, 0, 0]
client base client  75, total_num is 129,label is [43, 0, 0, 0, 18, 0, 0, 0, 18, 7, 0, 40, 0, 0, 0, 3, 0, 0, 0, 0, 0, 0, 0, 0, 0, 0, 0, 0, 0, 0, 0, 0, 0, 0, 0, 0, 0, 0, 0, 0, 0, 0, 0, 0, 0, 0, 0, 0, 0, 0, 0, 0, 0, 0, 0, 0, 0, 0, 0, 0, 0, 0, 0, 0, 0, 0, 0, 0, 0, 0, 0, 0, 0, 0, 0, 0, 0, 0, 0, 0, 0, 0, 0, 0, 0, 0, 0, 0, 0, 0, 0, 0, 0, 0, 0, 0, 0, 0, 0, 0]
client base client  76, total_num is 275,label is [0, 0, 0, 8, 0, 0, 167, 19, 70, 0, 0, 10, 1, 0, 0, 0, 0, 0, 0, 0, 0, 0, 0, 0, 0, 0, 0, 0, 0, 0, 0, 0, 0, 0, 0, 0, 0, 0, 0, 0, 0, 0, 0, 0, 0, 0, 0, 0, 0, 0, 0, 0, 0, 0, 0, 0, 0, 0, 0, 0, 0, 0, 0, 0, 0, 0, 0, 0, 0, 0, 0, 0, 0, 0, 0, 0, 0, 0, 0, 0, 0, 0, 0, 0, 0, 0, 0, 0, 0, 0, 0, 0, 0, 0, 0, 0, 0, 0, 0, 0]
client base client  77, total_num is 323,label is [82, 0, 0, 28, 0, 0, 0, 0, 0, 0, 0, 32, 0, 1, 0, 0, 13, 167, 0, 0, 0, 0, 0, 0, 0, 0, 0, 0, 0, 0, 0, 0, 0, 0, 0, 0, 0, 0, 0, 0, 0, 0, 0, 0, 0, 0, 0, 0, 0, 0, 0, 0, 0, 0, 0, 0, 0, 0, 0, 0, 0, 0, 0, 0, 0, 0, 0, 0, 0, 0, 0, 0, 0, 0, 0, 0, 0, 0, 0, 0, 0, 0, 0, 0, 0, 0, 0, 0, 0, 0, 0, 0, 0, 0, 0, 0, 0, 0, 0, 0]
client base client  78, total_num is 195,label is [0, 0, 0, 3, 0, 0, 105, 0, 0, 0, 0, 0, 0, 4, 5, 10, 68, 0, 0, 0, 0, 0, 0, 0, 0, 0, 0, 0, 0, 0, 0, 0, 0, 0, 0, 0, 0, 0, 0, 0, 0, 0, 0, 0, 0, 0, 0, 0, 0, 0, 0, 0, 0, 0, 0, 0, 0, 0, 0, 0, 0, 0, 0, 0, 0, 0, 0, 0, 0, 0, 0, 0, 0, 0, 0, 0, 0, 0, 0, 0, 0, 0, 0, 0, 0, 0, 0, 0, 0, 0, 0, 0, 0, 0, 0, 0, 0, 0, 0, 0]
client base client  79, total_num is 213,label is [0, 0, 0, 0, 0, 0, 0, 0, 0, 10, 10, 107, 23, 0, 0, 0, 0, 0, 23, 40, 0, 0, 0, 0, 0, 0, 0, 0, 0, 0, 0, 0, 0, 0, 0, 0, 0, 0, 0, 0, 0, 0, 0, 0, 0, 0, 0, 0, 0, 0, 0, 0, 0, 0, 0, 0, 0, 0, 0, 0, 0, 0, 0, 0, 0, 0, 0, 0, 0, 0, 0, 0, 0, 0, 0, 0, 0, 0, 0, 0, 0, 0, 0, 0, 0, 0, 0, 0, 0, 0, 0, 0, 0, 0, 0, 0, 0, 0, 0, 0]
client base client  80, total_num is 2682,label is [0, 0, 0, 0, 0, 1, 0, 0, 0, 0, 0, 0, 7, 19, 0, 2, 28, 7, 4, 13, 8, 6, 0, 31, 1, 19, 3, 10, 21, 7, 142, 2, 41, 58, 1, 48, 0, 2, 96, 1, 33, 15, 0, 0, 73, 32, 14, 77, 85, 2, 12, 98, 6, 48, 18, 11, 54, 10, 0, 13, 88, 26, 24, 49, 104, 57, 2, 1, 2, 0, 2, 79, 10, 0, 8, 51, 0, 54, 13, 37, 47, 0, 5, 14, 0, 0, 78, 49, 123, 38, 2, 92, 87, 0, 216, 4, 0, 8, 33, 100]
client base client  81, total_num is 2612,label is [0, 0, 0, 0, 0, 0, 0, 0, 0, 0, 0, 0, 0, 0, 69, 62, 0, 55, 6, 8, 1, 0, 37, 15, 25, 2, 46, 0, 1, 37, 22, 14, 11, 65, 188, 14, 0, 34, 0, 0, 46, 17, 27, 20, 10, 0, 29, 5, 13, 13, 6, 11, 47, 133, 15, 41, 39, 2, 1, 17, 5, 0, 26, 86, 7, 2, 117, 0, 13, 1, 54, 99, 7, 0, 120, 0, 44, 0, 14, 8, 92, 13, 0, 5, 191, 171, 23, 7, 23, 4, 44, 51, 65, 23, 27, 35, 6, 7, 3, 15]
client base client  82, total_num is 2020,label is [0, 0, 0, 0, 0, 0, 22, 0, 0, 0, 0, 1, 0, 9, 14, 30, 5, 6, 8, 50, 0, 13, 1, 11, 5, 37, 1, 69, 0, 60, 47, 0, 0, 44, 7, 2, 38, 66, 2, 2, 127, 16, 6, 10, 4, 28, 13, 34, 98, 30, 19, 2, 15, 20, 1, 59, 10, 0, 3, 1, 1, 26, 0, 1, 25, 99, 102, 0, 58, 73, 3, 22, 140, 11, 6, 1, 13, 14, 18, 19, 29, 50, 1, 11, 0, 0, 0, 57, 38, 23, 10, 11, 28, 14, 54, 2, 1, 11, 0, 2]
client base client  83, total_num is 2172,label is [0, 0, 0, 0, 0, 0, 0, 0, 0, 0, 10, 0, 0, 0, 0, 1, 4, 70, 0, 13, 34, 0, 6, 98, 1, 21, 16, 94, 0, 39, 0, 39, 88, 32, 17, 0, 21, 10, 80, 5, 1, 1, 34, 89, 32, 23, 49, 3, 34, 84, 39, 1, 8, 0, 1, 9, 4, 0, 0, 6, 25, 29, 0, 37, 92, 34, 13, 3, 4, 22, 5, 49, 0, 37, 7, 1, 0, 10, 34, 2, 100, 2, 4, 43, 38, 3, 7, 117, 7, 17, 32, 11, 49, 12, 29, 20, 2, 120, 11, 27]
client base client  84, total_num is 2211,label is [0, 0, 8, 0, 7, 0, 0, 0, 0, 0, 0, 0, 0, 4, 2, 3, 49, 0, 84, 22, 44, 6, 48, 2, 104, 3, 11, 10, 13, 0, 0, 37, 40, 0, 154, 31, 2, 258, 23, 1, 2, 21, 12, 7, 5, 25, 3, 1, 1, 43, 14, 35, 6, 3, 12, 2, 27, 37, 4, 0, 20, 26, 0, 1, 3, 103, 8, 100, 1, 3, 0, 48, 48, 1, 20, 27, 4, 16, 14, 10, 56, 22, 34, 79, 49, 19, 18, 1, 0, 12, 4, 1, 41, 3, 3, 84, 16, 18, 1, 71]
client base client  85, total_num is 2031,label is [2, 9, 26, 0, 0, 0, 0, 0, 41, 17, 19, 50, 0, 0, 0, 0, 20, 1, 33, 1, 34, 0, 2, 0, 22, 0, 7, 5, 64, 4, 0, 8, 6, 26, 0, 2, 0, 0, 7, 10, 15, 194, 165, 0, 11, 39, 1, 89, 41, 0, 1, 1, 22, 11, 90, 37, 0, 0, 0, 0, 36, 1, 4, 0, 2, 21, 45, 41, 37, 17, 4, 2, 1, 12, 0, 22, 80, 34, 14, 129, 5, 26, 15, 48, 18, 76, 0, 6, 15, 4, 4, 49, 0, 3, 0, 0, 100, 16, 5, 6]
client base client  86, total_num is 2753,label is [0, 16, 0, 58, 0, 0, 0, 0, 0, 0, 0, 0, 3, 0, 0, 148, 18, 3, 0, 41, 101, 185, 0, 5, 38, 3, 2, 22, 75, 89, 54, 63, 0, 27, 0, 29, 1, 2, 23, 50, 6, 87, 38, 114, 6, 4, 2, 8, 3, 0, 0, 31, 19, 68, 9, 77, 135, 9, 1, 5, 3, 32, 3, 24, 78, 10, 18, 37, 36, 13, 110, 34, 28, 47, 17, 1, 6, 35, 32, 51, 0, 1, 84, 41, 3, 66, 12, 1, 2, 21, 6, 0, 6, 103, 1, 34, 21, 49, 9, 0]
client base client  87, total_num is 3470,label is [0, 0, 0, 7, 0, 0, 16, 0, 0, 0, 0, 0, 107, 0, 33, 9, 0, 13, 11, 102, 54, 0, 116, 16, 3, 98, 1, 15, 9, 11, 8, 0, 16, 28, 12, 40, 21, 10, 49, 56, 2, 15, 69, 61, 35, 109, 147, 27, 3, 8, 78, 60, 29, 8, 154, 27, 48, 41, 275, 14, 39, 14, 13, 26, 0, 11, 74, 16, 17, 196, 53, 21, 15, 1, 0, 22, 19, 43, 40, 27, 49, 30, 21, 165, 2, 116, 100, 4, 21, 6, 35, 13, 6, 53, 11, 21, 68, 17, 7, 7]
client base client  88, total_num is 2040,label is [0, 0, 0, 0, 0, 0, 0, 20, 0, 150, 21, 0, 87, 20, 33, 0, 0, 69, 0, 0, 0, 10, 22, 15, 0, 0, 19, 2, 3, 12, 2, 0, 29, 8, 3, 43, 17, 17, 0, 77, 25, 1, 14, 4, 14, 3, 4, 5, 17, 63, 23, 1, 39, 0, 0, 0, 53, 12, 0, 178, 2, 4, 4, 0, 56, 15, 81, 19, 45, 13, 13, 0, 12, 62, 22, 0, 4, 10, 4, 1, 2, 148, 1, 7, 1, 5, 4, 0, 4, 49, 0, 67, 11, 106, 0, 28, 30, 16, 10, 49]
client base client  89, total_num is 2790,label is [78, 0, 0, 0, 0, 0, 0, 0, 12, 0, 9, 0, 0, 0, 13, 0, 15, 73, 94, 0, 6, 1, 35, 83, 140, 129, 10, 3, 0, 14, 13, 50, 37, 4, 14, 17, 7, 2, 166, 4, 18, 10, 0, 3, 2, 45, 28, 87, 12, 28, 0, 6, 15, 1, 15, 0, 22, 136, 0, 14, 83, 1, 84, 4, 0, 86, 5, 27, 14, 0, 0, 17, 8, 40, 53, 57, 50, 74, 19, 8, 39, 1, 15, 4, 11, 17, 23, 4, 99, 151, 91, 20, 73, 2, 86, 1, 9, 3, 6, 34]
client base client  90, total_num is 2774,label is [0, 0, 0, 0, 41, 0, 0, 3, 127, 0, 0, 0, 25, 0, 4, 35, 18, 16, 19, 0, 22, 161, 1, 34, 30, 1, 17, 15, 85, 79, 3, 1, 19, 24, 7, 23, 8, 0, 0, 1, 5, 79, 0, 0, 177, 0, 13, 33, 126, 0, 25, 127, 125, 0, 0, 35, 3, 49, 2, 1, 30, 1, 14, 96, 11, 8, 25, 76, 6, 8, 74, 0, 52, 5, 8, 35, 1, 2, 33, 17, 8, 47, 41, 0, 80, 12, 165, 0, 30, 37, 43, 27, 21, 0, 17, 29, 9, 0, 61, 26]
client base client  91, total_num is 3078,label is [0, 0, 0, 0, 0, 0, 0, 0, 0, 0, 0, 0, 19, 0, 0, 4, 129, 2, 146, 2, 25, 15, 64, 32, 27, 0, 10, 2, 12, 0, 16, 31, 47, 55, 34, 38, 31, 6, 1, 54, 0, 0, 20, 0, 84, 12, 9, 24, 0, 13, 47, 1, 5, 6, 66, 5, 23, 2, 35, 14, 8, 34, 202, 19, 5, 14, 1, 9, 142, 16, 0, 32, 11, 1, 60, 26, 222, 0, 117, 19, 54, 9, 271, 5, 31, 2, 25, 92, 1, 24, 61, 6, 59, 43, 65, 127, 0, 26, 50, 21]
client base client  92, total_num is 2556,label is [0, 62, 0, 0, 0, 0, 0, 20, 0, 36, 6, 0, 0, 0, 116, 0, 0, 0, 0, 49, 84, 4, 51, 14, 1, 16, 20, 12, 13, 26, 2, 44, 30, 57, 0, 78, 12, 31, 17, 6, 0, 6, 5, 70, 0, 113, 107, 14, 4, 11, 10, 1, 17, 0, 48, 43, 0, 1, 11, 4, 21, 46, 51, 53, 68, 15, 38, 26, 10, 0, 23, 1, 0, 223, 2, 68, 12, 142, 30, 11, 0, 67, 19, 0, 32, 25, 43, 2, 1, 28, 0, 34, 34, 6, 3, 24, 0, 9, 1, 116]
client base client  93, total_num is 3101,label is [0, 0, 0, 0, 10, 0, 0, 39, 0, 0, 0, 74, 0, 20, 0, 0, 0, 0, 12, 18, 8, 124, 22, 77, 46, 5, 20, 77, 73, 10, 6, 8, 8, 13, 37, 15, 29, 10, 1, 21, 24, 28, 61, 4, 36, 23, 50, 58, 0, 36, 61, 25, 49, 0, 19, 41, 39, 134, 62, 5, 1, 75, 3, 27, 47, 15, 2, 45, 44, 0, 34, 96, 94, 28, 38, 0, 6, 30, 0, 21, 42, 52, 12, 48, 73, 57, 11, 6, 57, 8, 28, 19, 11, 8, 0, 34, 208, 146, 127, 10]
client base client  94, total_num is 2568,label is [0, 0, 0, 0, 2, 0, 0, 32, 0, 0, 0, 43, 0, 197, 22, 0, 0, 22, 0, 0, 80, 0, 51, 8, 30, 53, 1, 24, 35, 13, 15, 1, 67, 75, 0, 36, 89, 1, 0, 10, 2, 75, 23, 48, 1, 1, 2, 45, 72, 75, 1, 4, 39, 207, 74, 29, 78, 4, 63, 0, 0, 14, 127, 6, 17, 11, 15, 33, 11, 70, 12, 3, 0, 0, 6, 86, 0, 6, 0, 3, 35, 5, 34, 18, 16, 0, 30, 3, 43, 55, 71, 1, 20, 9, 2, 2, 6, 4, 10, 34]
client base client  95, total_num is 2480,label is [0, 11, 0, 26, 0, 0, 0, 8, 0, 10, 0, 0, 0, 0, 4, 0, 3, 0, 0, 66, 34, 9, 49, 34, 0, 3, 350, 8, 56, 89, 19, 17, 14, 2, 18, 2, 121, 3, 58, 17, 36, 2, 20, 38, 58, 4, 9, 16, 4, 98, 5, 91, 18, 18, 52, 6, 0, 8, 19, 16, 40, 63, 4, 12, 0, 33, 10, 23, 5, 17, 1, 21, 131, 26, 9, 0, 43, 4, 49, 102, 4, 1, 5, 12, 15, 0, 14, 54, 4, 20, 21, 0, 5, 1, 24, 87, 10, 6, 29, 26]
client base client  96, total_num is 3307,label is [0, 0, 0, 0, 0, 0, 0, 0, 17, 0, 52, 0, 52, 0, 0, 44, 1, 3, 16, 132, 8, 0, 15, 85, 55, 30, 9, 28, 63, 77, 17, 55, 88, 10, 0, 28, 102, 32, 62, 104, 34, 20, 26, 88, 33, 28, 0, 9, 1, 72, 76, 9, 0, 16, 5, 14, 3, 40, 47, 236, 120, 164, 0, 132, 8, 40, 5, 1, 93, 23, 15, 5, 35, 0, 111, 1, 9, 0, 117, 28, 6, 91, 9, 1, 38, 1, 0, 105, 7, 0, 0, 27, 1, 2, 10, 23, 89, 29, 16, 3]
client base client  97, total_num is 2799,label is [0, 0, 0, 0, 0, 0, 0, 0, 99, 0, 0, 0, 9, 28, 0, 0, 28, 35, 21, 21, 0, 0, 69, 18, 5, 134, 19, 42, 42, 21, 165, 1, 0, 72, 79, 126, 5, 2, 0, 18, 163, 0, 9, 0, 18, 32, 91, 55, 34, 1, 4, 14, 34, 35, 1, 0, 25, 1, 18, 9, 30, 6, 38, 11, 9, 13, 20, 57, 12, 84, 66, 30, 0, 77, 72, 24, 72, 8, 48, 47, 16, 21, 7, 27, 2, 1, 16, 16, 83, 82, 34, 8, 28, 89, 4, 8, 6, 20, 4, 0]
client base client  98, total_num is 2785,label is [0, 0, 0, 1, 0, 91, 0, 0, 0, 8, 8, 72, 38, 0, 80, 1, 0, 8, 54, 4, 57, 0, 3, 15, 66, 5, 38, 118, 33, 11, 0, 25, 52, 0, 14, 12, 33, 64, 13, 58, 45, 0, 55, 38, 1, 10, 23, 8, 28, 0, 1, 2, 61, 4, 1, 7, 34, 89, 16, 60, 21, 16, 0, 1, 33, 1, 14, 82, 8, 0, 90, 16, 7, 26, 24, 62, 9, 77, 0, 1, 0, 2, 17, 15, 0, 7, 0, 30, 0, 15, 85, 150, 6, 119, 48, 4, 19, 82, 217, 16]
client base client  99, total_num is 2505,label is [0, 0, 0, 0, 0, 0, 0, 0, 24, 0, 4, 0, 7, 0, 15, 0, 12, 2, 34, 18, 0, 62, 8, 7, 1, 41, 0, 44, 2, 1, 69, 204, 7, 0, 15, 16, 63, 50, 2, 105, 16, 13, 16, 6, 0, 69, 6, 2, 24, 23, 178, 80, 46, 22, 19, 157, 3, 25, 43, 7, 27, 22, 3, 15, 35, 12, 5, 4, 42, 44, 41, 25, 1, 3, 17, 116, 6, 41, 4, 59, 16, 12, 5, 57, 0, 22, 31, 46, 42, 6, 29, 13, 49, 4, 0, 33, 0, 13, 0, 37]

Join ratio / total clients: 0.1 / 100
Finished creating server and clients.
select mode  is oort ,num is : 10
round is  1 self.blacklist is : []
selectids [35, 94, 39, 42, 84, 91, 24, 47, 64, 95]

-------------Round number: 1-------------

Evaluate global model
Averaged Train Loss: 4.4588
Averaged Test Accurancy: 0.0563
Averaged Test AUC: 0.6337
Std Test Accurancy: 0.0299
Std Test AUC: 0.1660
------------------------- Round is  1 ------------------------- time cost ------------------------- 9.419794797897339
------------------------- Budget is : [9.419794797897339]
select mode  is oort ,num is : 10
exploited_clients_count 1 sorted_by_utility: [0, 1, 2, 3, 4, 5, 6, 7, 8, 9, 10, 11, 12, 13, 14, 15, 16, 17, 18, 19, 20, 21, 22, 23, 24, 25, 26, 27, 28, 29, 30, 31, 32, 33, 34, 35, 36, 37, 38, 39, 40, 41, 42, 43, 44, 45, 46, 47, 48, 49, 50, 51, 52, 53, 54, 55, 56, 57, 58, 59, 60, 61, 62, 63, 64, 65, 66, 67, 68, 69, 70, 71, 72, 73, 74, 75, 76, 77, 78, 79, 80, 81, 82, 83, 84, 85, 86, 87, 88, 89, 90, 91, 92, 93, 94, 95, 96, 97, 98, 99] self.blacklist []
round is  2 self.blacklist is : []
selectids [1, 21, 3, 40, 37, 23, 98, 45, 97, 67]

-------------Round number: 2-------------

Evaluate global model
Averaged Train Loss: 4.3155
Averaged Test Accurancy: 0.0823
Averaged Test AUC: 0.6931
Std Test Accurancy: 0.0403
Std Test AUC: 0.2089
------------------------- Round is  2 ------------------------- time cost ------------------------- 11.137367963790894
------------------------- Budget is : [9.419794797897339, 11.137367963790894]
select mode  is oort ,num is : 10
exploited_clients_count 1 sorted_by_utility: [1, 3, 21, 23, 24, 35, 37, 39, 40, 42, 45, 47, 64, 67, 84, 91, 94, 95, 97, 98, 0, 2, 4, 5, 6, 7, 8, 9, 10, 11, 12, 13, 14, 15, 16, 17, 18, 19, 20, 22, 25, 26, 27, 28, 29, 30, 31, 32, 33, 34, 36, 38, 41, 43, 44, 46, 48, 49, 50, 51, 52, 53, 54, 55, 56, 57, 58, 59, 60, 61, 62, 63, 65, 66, 68, 69, 70, 71, 72, 73, 74, 75, 76, 77, 78, 79, 80, 81, 82, 83, 85, 86, 87, 88, 89, 90, 92, 93, 96, 99] self.blacklist []
round is  3 self.blacklist is : []
selectids [35, 74, 71, 2, 17, 68, 51, 80, 66, 15]

-------------Round number: 3-------------

Evaluate global model
Averaged Train Loss: 4.2210
Averaged Test Accurancy: 0.0979
Averaged Test AUC: 0.7242
Std Test Accurancy: 0.0466
Std Test AUC: 0.2270
------------------------- Round is  3 ------------------------- time cost ------------------------- 12.026065826416016
------------------------- Budget is : [9.419794797897339, 11.137367963790894, 12.026065826416016]
select mode  is oort ,num is : 10
exploited_clients_count 1 sorted_by_utility: [35, 1, 2, 3, 15, 17, 21, 23, 24, 37, 39, 40, 42, 45, 47, 51, 64, 66, 67, 68, 71, 74, 80, 84, 91, 94, 95, 97, 98, 0, 4, 5, 6, 7, 8, 9, 10, 11, 12, 13, 14, 16, 18, 19, 20, 22, 25, 26, 27, 28, 29, 30, 31, 32, 33, 34, 36, 38, 41, 43, 44, 46, 48, 49, 50, 52, 53, 54, 55, 56, 57, 58, 59, 60, 61, 62, 63, 65, 69, 70, 72, 73, 75, 76, 77, 78, 79, 81, 82, 83, 85, 86, 87, 88, 89, 90, 92, 93, 96, 99] self.blacklist []
round is  4 self.blacklist is : []
selectids [35, 89, 78, 72, 48, 65, 41, 16, 8, 87]

-------------Round number: 4-------------

Evaluate global model
Averaged Train Loss: 4.1210
Averaged Test Accurancy: 0.1134
Averaged Test AUC: 0.7455
Std Test Accurancy: 0.0539
Std Test AUC: 0.2354
------------------------- Round is  4 ------------------------- time cost ------------------------- 14.323070764541626
------------------------- Budget is : [9.419794797897339, 11.137367963790894, 12.026065826416016, 14.323070764541626]
select mode  is oort ,num is : 10
exploited_clients_count 1 sorted_by_utility: [35, 1, 2, 3, 8, 15, 16, 17, 21, 23, 24, 37, 39, 40, 41, 42, 45, 47, 48, 51, 64, 65, 66, 67, 68, 71, 72, 74, 78, 80, 84, 87, 89, 91, 94, 95, 97, 98, 0, 4, 5, 6, 7, 9, 10, 11, 12, 13, 14, 18, 19, 20, 22, 25, 26, 27, 28, 29, 30, 31, 32, 33, 34, 36, 38, 43, 44, 46, 49, 50, 52, 53, 54, 55, 56, 57, 58, 59, 60, 61, 62, 63, 69, 70, 73, 75, 76, 77, 79, 81, 82, 83, 85, 86, 88, 90, 92, 93, 96, 99] self.blacklist []
round is  5 self.blacklist is : [35]
selectids [35, 61, 49, 69, 18, 73, 32, 96, 31, 90]

-------------Round number: 5-------------

Evaluate global model
Averaged Train Loss: 4.0130
Averaged Test Accurancy: 0.1252
Averaged Test AUC: 0.7628
Std Test Accurancy: 0.0590
Std Test AUC: 0.2357
------------------------- Round is  5 ------------------------- time cost ------------------------- 16.626161098480225
------------------------- Budget is : [9.419794797897339, 11.137367963790894, 12.026065826416016, 14.323070764541626, 16.626161098480225]
select mode  is oort ,num is : 10
exploited_clients_count 1 sorted_by_utility: [35, 1, 2, 3, 8, 15, 16, 17, 18, 21, 23, 24, 31, 32, 37, 39, 40, 41, 42, 45, 47, 48, 49, 51, 61, 64, 65, 66, 67, 68, 69, 71, 72, 73, 74, 78, 80, 84, 87, 89, 90, 91, 94, 95, 96, 97, 98, 0, 4, 5, 6, 7, 9, 10, 11, 12, 13, 14, 19, 20, 22, 25, 26, 27, 28, 29, 30, 33, 34, 36, 38, 43, 44, 46, 50, 52, 53, 54, 55, 56, 57, 58, 59, 60, 62, 63, 70, 75, 76, 77, 79, 81, 82, 83, 85, 86, 88, 92, 93, 99] self.blacklist [35]
round is  6 self.blacklist is : [35]
selectids [1, 22, 88, 75, 28, 13, 56, 12, 29, 25]

-------------Round number: 6-------------

Evaluate global model
Averaged Train Loss: 3.9378
Averaged Test Accurancy: 0.1344
Averaged Test AUC: 0.7742
Std Test Accurancy: 0.0625
Std Test AUC: 0.2337
------------------------- Round is  6 ------------------------- time cost ------------------------- 17.55243945121765
------------------------- Budget is : [9.419794797897339, 11.137367963790894, 12.026065826416016, 14.323070764541626, 16.626161098480225, 17.55243945121765]
select mode  is oort ,num is : 10
exploited_clients_count 1 sorted_by_utility: [35, 1, 2, 3, 8, 12, 13, 15, 16, 17, 18, 21, 22, 23, 24, 25, 28, 29, 31, 32, 37, 39, 40, 41, 42, 45, 47, 48, 49, 51, 56, 61, 64, 65, 66, 67, 68, 69, 71, 72, 73, 74, 75, 78, 80, 84, 87, 88, 89, 90, 91, 94, 95, 96, 97, 98, 0, 4, 5, 6, 7, 9, 10, 11, 14, 19, 20, 26, 27, 30, 33, 34, 36, 38, 43, 44, 46, 50, 52, 53, 54, 55, 57, 58, 59, 60, 62, 63, 70, 76, 77, 79, 81, 82, 83, 85, 86, 92, 93, 99] self.blacklist [35]
round is  7 self.blacklist is : [35, 1]
selectids [1, 30, 14, 9, 70, 63, 46, 92, 26, 86]

-------------Round number: 7-------------

Evaluate global model
Averaged Train Loss: 3.8637
Averaged Test Accurancy: 0.1422
Averaged Test AUC: 0.7855
Std Test Accurancy: 0.0659
Std Test AUC: 0.2297
------------------------- Round is  7 ------------------------- time cost ------------------------- 19.500956535339355
------------------------- Budget is : [9.419794797897339, 11.137367963790894, 12.026065826416016, 14.323070764541626, 16.626161098480225, 17.55243945121765, 19.500956535339355]
select mode  is oort ,num is : 10
exploited_clients_count 1 sorted_by_utility: [35, 1, 2, 3, 8, 9, 12, 13, 14, 15, 16, 17, 18, 21, 22, 23, 24, 25, 26, 28, 29, 30, 31, 32, 37, 39, 40, 41, 42, 45, 46, 47, 48, 49, 51, 56, 61, 63, 64, 65, 66, 67, 68, 69, 70, 71, 72, 73, 74, 75, 78, 80, 84, 86, 87, 88, 89, 90, 91, 92, 94, 95, 96, 97, 98, 0, 4, 5, 6, 7, 10, 11, 19, 20, 27, 33, 34, 36, 38, 43, 44, 50, 52, 53, 54, 55, 57, 58, 59, 60, 62, 76, 77, 79, 81, 82, 83, 85, 93, 99] self.blacklist [35, 1]
round is  8 self.blacklist is : [35, 1]
selectids [2, 11, 50, 19, 62, 53, 4, 81, 44, 58]

-------------Round number: 8-------------

Evaluate global model
Averaged Train Loss: 3.8115
Averaged Test Accurancy: 0.1501
Averaged Test AUC: 0.7930
Std Test Accurancy: 0.0695
Std Test AUC: 0.2274
------------------------- Round is  8 ------------------------- time cost ------------------------- 20.159454345703125
------------------------- Budget is : [9.419794797897339, 11.137367963790894, 12.026065826416016, 14.323070764541626, 16.626161098480225, 17.55243945121765, 19.500956535339355, 20.159454345703125]
select mode  is oort ,num is : 10
exploited_clients_count 1 sorted_by_utility: [35, 1, 2, 3, 4, 8, 9, 11, 12, 13, 14, 15, 16, 17, 18, 19, 21, 22, 23, 24, 25, 26, 28, 29, 30, 31, 32, 37, 39, 40, 41, 42, 44, 45, 46, 47, 48, 49, 50, 51, 53, 56, 58, 61, 62, 63, 64, 65, 66, 67, 68, 69, 70, 71, 72, 73, 74, 75, 78, 80, 81, 84, 86, 87, 88, 89, 90, 91, 92, 94, 95, 96, 97, 98, 0, 5, 6, 7, 10, 20, 27, 33, 34, 36, 38, 43, 52, 54, 55, 57, 59, 60, 76, 77, 79, 82, 83, 85, 93, 99] self.blacklist [35, 1]
round is  9 self.blacklist is : [35, 1, 2]
selectids [2, 0, 27, 93, 83, 5, 36, 54, 7, 76]

-------------Round number: 9-------------

Evaluate global model
Averaged Train Loss: 3.7676
Averaged Test Accurancy: 0.1536
Averaged Test AUC: 0.7990
Std Test Accurancy: 0.0711
Std Test AUC: 0.2251
------------------------- Round is  9 ------------------------- time cost ------------------------- 22.317405462265015
------------------------- Budget is : [9.419794797897339, 11.137367963790894, 12.026065826416016, 14.323070764541626, 16.626161098480225, 17.55243945121765, 19.500956535339355, 20.159454345703125, 22.317405462265015]
select mode  is oort ,num is : 10
exploited_clients_count 1 sorted_by_utility: [35, 1, 2, 0, 3, 4, 5, 7, 8, 9, 11, 12, 13, 14, 15, 16, 17, 18, 19, 21, 22, 23, 24, 25, 26, 27, 28, 29, 30, 31, 32, 36, 37, 39, 40, 41, 42, 44, 45, 46, 47, 48, 49, 50, 51, 53, 54, 56, 58, 61, 62, 63, 64, 65, 66, 67, 68, 69, 70, 71, 72, 73, 74, 75, 76, 78, 80, 81, 83, 84, 86, 87, 88, 89, 90, 91, 92, 93, 94, 95, 96, 97, 98, 6, 10, 20, 33, 34, 38, 43, 52, 55, 57, 59, 60, 77, 79, 82, 85, 99] self.blacklist [35, 1, 2]
round is  10 self.blacklist is : [35, 1, 2, 24, 39, 42, 47, 64, 84, 91, 94, 95]
selectids [0, 55, 6, 10, 43, 52, 33, 60, 77, 82]

-------------Round number: 10-------------

Evaluate global model
Averaged Train Loss: 3.7270
Averaged Test Accurancy: 0.1576
Averaged Test AUC: 0.8039
Std Test Accurancy: 0.0724
Std Test AUC: 0.2228
------------------------- Round is  10 ------------------------- time cost ------------------------- 22.872126817703247
------------------------- Budget is : [9.419794797897339, 11.137367963790894, 12.026065826416016, 14.323070764541626, 16.626161098480225, 17.55243945121765, 19.500956535339355, 20.159454345703125, 22.317405462265015, 22.872126817703247]
select mode  is oort ,num is : 10
exploited_clients_count 1 sorted_by_utility: [35, 1, 2, 0, 3, 4, 5, 6, 7, 8, 9, 10, 11, 12, 13, 14, 15, 16, 17, 18, 19, 21, 22, 23, 24, 25, 26, 27, 28, 29, 30, 31, 32, 33, 36, 37, 39, 40, 41, 42, 43, 44, 45, 46, 47, 48, 49, 50, 51, 52, 53, 54, 55, 56, 58, 60, 61, 62, 63, 64, 65, 66, 67, 68, 69, 70, 71, 72, 73, 74, 75, 76, 77, 78, 80, 81, 82, 83, 84, 86, 87, 88, 89, 90, 91, 92, 93, 94, 95, 96, 97, 98, 20, 34, 38, 57, 59, 79, 85, 99] self.blacklist [35, 1, 2, 24, 39, 42, 47, 64, 84, 91, 94, 95]
round is  11 self.blacklist is : [35, 1, 2, 24, 39, 42, 47, 64, 84, 91, 94, 95, 3, 21, 23, 37, 40, 45, 67, 97, 98]
selectids [0, 1, 20, 57, 79, 99, 85, 59, 34, 38]

-------------Round number: 11-------------

Evaluate global model
Averaged Train Loss: 3.6879
Averaged Test Accurancy: 0.1628
Averaged Test AUC: 0.8085
Std Test Accurancy: 0.0745
Std Test AUC: 0.2192
------------------------- Round is  11 ------------------------- time cost ------------------------- 24.846842765808105
------------------------- Budget is : [9.419794797897339, 11.137367963790894, 12.026065826416016, 14.323070764541626, 16.626161098480225, 17.55243945121765, 19.500956535339355, 20.159454345703125, 22.317405462265015, 22.872126817703247, 24.846842765808105]
select mode  is oort ,num is : 10
exploited_clients_count 10 sorted_by_utility: [1, 35, 0, 2, 3, 4, 5, 6, 7, 8, 9, 10, 11, 12, 13, 14, 15, 16, 17, 18, 19, 20, 21, 22, 23, 24, 25, 26, 27, 28, 29, 30, 31, 32, 33, 34, 36, 37, 38, 39, 40, 41, 42, 43, 44, 45, 46, 47, 48, 49, 50, 51, 52, 53, 54, 55, 56, 57, 58, 59, 60, 61, 62, 63, 64, 65, 66, 67, 68, 69, 70, 71, 72, 73, 74, 75, 76, 77, 78, 79, 80, 81, 82, 83, 84, 85, 86, 87, 88, 89, 90, 91, 92, 93, 94, 95, 96, 97, 98, 99] self.blacklist [35, 1, 2, 24, 39, 42, 47, 64, 84, 91, 94, 95, 3, 21, 23, 37, 40, 45, 67, 97, 98]
round is  12 self.blacklist is : [35, 1, 2, 24, 39, 42, 47, 64, 84, 91, 94, 95, 3, 21, 23, 37, 40, 45, 67, 97, 98, 15, 17, 51, 66, 68, 71, 74, 80, 8, 48, 0]
selectids [22, 11, 56, 25, 20, 34, 8, 46, 48, 88]

-------------Round number: 12-------------

Evaluate global model
Averaged Train Loss: 3.6559
Averaged Test Accurancy: 0.1644
Averaged Test AUC: 0.8122
Std Test Accurancy: 0.0751
Std Test AUC: 0.2164
------------------------- Round is  12 ------------------------- time cost ------------------------- 26.06546711921692
------------------------- Budget is : [9.419794797897339, 11.137367963790894, 12.026065826416016, 14.323070764541626, 16.626161098480225, 17.55243945121765, 19.500956535339355, 20.159454345703125, 22.317405462265015, 22.872126817703247, 24.846842765808105, 26.06546711921692]
select mode  is oort ,num is : 10
exploited_clients_count 10 sorted_by_utility: [1, 35, 0, 2, 8, 11, 20, 22, 25, 34, 46, 48, 56, 88, 3, 4, 5, 6, 7, 9, 10, 12, 13, 14, 15, 16, 17, 18, 19, 21, 23, 24, 26, 27, 28, 29, 30, 31, 32, 33, 36, 37, 38, 39, 40, 41, 42, 43, 44, 45, 47, 49, 50, 51, 52, 53, 54, 55, 57, 58, 59, 60, 61, 62, 63, 64, 65, 66, 67, 68, 69, 70, 71, 72, 73, 74, 75, 76, 77, 78, 79, 80, 81, 82, 83, 84, 85, 86, 87, 89, 90, 91, 92, 93, 94, 95, 96, 97, 98, 99] self.blacklist [35, 1, 2, 24, 39, 42, 47, 64, 84, 91, 94, 95, 3, 21, 23, 37, 40, 45, 67, 97, 98, 15, 17, 51, 66, 68, 71, 74, 80, 8, 48, 0]
round is  13 self.blacklist is : [35, 1, 2, 24, 39, 42, 47, 64, 84, 91, 94, 95, 3, 21, 23, 37, 40, 45, 67, 97, 98, 15, 17, 51, 66, 68, 71, 74, 80, 8, 48, 0, 16, 41, 65, 72, 78, 87, 89, 22, 25, 56, 88, 46, 11]
selectids [11, 25, 56, 46, 20, 88, 34, 22, 4, 5]

-------------Round number: 13-------------

Evaluate global model
Averaged Train Loss: 3.6331
Averaged Test Accurancy: 0.1662
Averaged Test AUC: 0.8149
Std Test Accurancy: 0.0759
Std Test AUC: 0.2140
------------------------- Round is  13 ------------------------- time cost ------------------------- 25.923564910888672
------------------------- Budget is : [9.419794797897339, 11.137367963790894, 12.026065826416016, 14.323070764541626, 16.626161098480225, 17.55243945121765, 19.500956535339355, 20.159454345703125, 22.317405462265015, 22.872126817703247, 24.846842765808105, 26.06546711921692, 25.923564910888672]
select mode  is oort ,num is : 10
exploited_clients_count 10 sorted_by_utility: [1, 35, 0, 2, 11, 20, 22, 25, 34, 46, 56, 88, 4, 5, 8, 48, 3, 6, 7, 9, 10, 12, 13, 14, 15, 16, 17, 18, 19, 21, 23, 24, 26, 27, 28, 29, 30, 31, 32, 33, 36, 37, 38, 39, 40, 41, 42, 43, 44, 45, 47, 49, 50, 51, 52, 53, 54, 55, 57, 58, 59, 60, 61, 62, 63, 64, 65, 66, 67, 68, 69, 70, 71, 72, 73, 74, 75, 76, 77, 78, 79, 80, 81, 82, 83, 84, 85, 86, 87, 89, 90, 91, 92, 93, 94, 95, 96, 97, 98, 99] self.blacklist [35, 1, 2, 24, 39, 42, 47, 64, 84, 91, 94, 95, 3, 21, 23, 37, 40, 45, 67, 97, 98, 15, 17, 51, 66, 68, 71, 74, 80, 8, 48, 0, 16, 41, 65, 72, 78, 87, 89, 22, 25, 56, 88, 46, 11]
round is  14 self.blacklist is : [35, 1, 2, 24, 39, 42, 47, 64, 84, 91, 94, 95, 3, 21, 23, 37, 40, 45, 67, 97, 98, 15, 17, 51, 66, 68, 71, 74, 80, 8, 48, 0, 16, 41, 65, 72, 78, 87, 89, 22, 25, 56, 88, 46, 11, 18, 31, 32, 49, 61, 69, 73, 90, 96, 12, 13, 4, 5, 20, 34]
selectids [34, 20, 4, 5, 6, 7, 9, 10, 12, 13]

-------------Round number: 14-------------

Evaluate global model
Averaged Train Loss: 3.6090
Averaged Test Accurancy: 0.1696
Averaged Test AUC: 0.8174
Std Test Accurancy: 0.0773
Std Test AUC: 0.2100
------------------------- Round is  14 ------------------------- time cost ------------------------- 26.292537450790405
------------------------- Budget is : [9.419794797897339, 11.137367963790894, 12.026065826416016, 14.323070764541626, 16.626161098480225, 17.55243945121765, 19.500956535339355, 20.159454345703125, 22.317405462265015, 22.872126817703247, 24.846842765808105, 26.06546711921692, 25.923564910888672, 26.292537450790405]
select mode  is oort ,num is : 10
exploited_clients_count 10 sorted_by_utility: [1, 20, 34, 35, 0, 2, 4, 5, 11, 22, 25, 46, 56, 88, 6, 7, 8, 9, 10, 12, 13, 48, 3, 14, 15, 16, 17, 18, 19, 21, 23, 24, 26, 27, 28, 29, 30, 31, 32, 33, 36, 37, 38, 39, 40, 41, 42, 43, 44, 45, 47, 49, 50, 51, 52, 53, 54, 55, 57, 58, 59, 60, 61, 62, 63, 64, 65, 66, 67, 68, 69, 70, 71, 72, 73, 74, 75, 76, 77, 78, 79, 80, 81, 82, 83, 84, 85, 86, 87, 89, 90, 91, 92, 93, 94, 95, 96, 97, 98, 99] self.blacklist [35, 1, 2, 24, 39, 42, 47, 64, 84, 91, 94, 95, 3, 21, 23, 37, 40, 45, 67, 97, 98, 15, 17, 51, 66, 68, 71, 74, 80, 8, 48, 0, 16, 41, 65, 72, 78, 87, 89, 22, 25, 56, 88, 46, 11, 18, 31, 32, 49, 61, 69, 73, 90, 96, 12, 13, 4, 5, 20, 34]
round is  15 self.blacklist is : [35, 1, 2, 24, 39, 42, 47, 64, 84, 91, 94, 95, 3, 21, 23, 37, 40, 45, 67, 97, 98, 15, 17, 51, 66, 68, 71, 74, 80, 8, 48, 0, 16, 41, 65, 72, 78, 87, 89, 22, 25, 56, 88, 46, 11, 18, 31, 32, 49, 61, 69, 73, 90, 96, 12, 13, 4, 5, 20, 34, 28, 29, 75, 9, 14, 26, 7, 6, 10]
selectids [6, 7, 9, 10, 14, 19, 26, 27, 28, 29]

-------------Round number: 15-------------

Evaluate global model
Averaged Train Loss: 3.5858
Averaged Test Accurancy: 0.1700
Averaged Test AUC: 0.8198
Std Test Accurancy: 0.0776
Std Test AUC: 0.2052
------------------------- Round is  15 ------------------------- time cost ------------------------- 26.55576491355896
------------------------- Budget is : [9.419794797897339, 11.137367963790894, 12.026065826416016, 14.323070764541626, 16.626161098480225, 17.55243945121765, 19.500956535339355, 20.159454345703125, 22.317405462265015, 22.872126817703247, 24.846842765808105, 26.06546711921692, 25.923564910888672, 26.292537450790405, 26.55576491355896]
select mode  is oort ,num is : 10
exploited_clients_count 10 sorted_by_utility: [1, 20, 34, 35, 0, 2, 4, 5, 6, 7, 9, 10, 11, 22, 25, 46, 56, 88, 8, 12, 13, 14, 19, 26, 27, 28, 29, 48, 3, 15, 16, 17, 18, 21, 23, 24, 30, 31, 32, 33, 36, 37, 38, 39, 40, 41, 42, 43, 44, 45, 47, 49, 50, 51, 52, 53, 54, 55, 57, 58, 59, 60, 61, 62, 63, 64, 65, 66, 67, 68, 69, 70, 71, 72, 73, 74, 75, 76, 77, 78, 79, 80, 81, 82, 83, 84, 85, 86, 87, 89, 90, 91, 92, 93, 94, 95, 96, 97, 98, 99] self.blacklist [35, 1, 2, 24, 39, 42, 47, 64, 84, 91, 94, 95, 3, 21, 23, 37, 40, 45, 67, 97, 98, 15, 17, 51, 66, 68, 71, 74, 80, 8, 48, 0, 16, 41, 65, 72, 78, 87, 89, 22, 25, 56, 88, 46, 11, 18, 31, 32, 49, 61, 69, 73, 90, 96, 12, 13, 4, 5, 20, 34, 28, 29, 75, 9, 14, 26, 7, 6, 10]
round is  16 self.blacklist is : [35, 1, 2, 24, 39, 42, 47, 64, 84, 91, 94, 95, 3, 21, 23, 37, 40, 45, 67, 97, 98, 15, 17, 51, 66, 68, 71, 74, 80, 8, 48, 0, 16, 41, 65, 72, 78, 87, 89, 22, 25, 56, 88, 46, 11, 18, 31, 32, 49, 61, 69, 73, 90, 96, 12, 13, 4, 5, 20, 34, 28, 29, 75, 9, 14, 26, 7, 6, 10, 30, 63, 70, 86, 92, 19, 44, 50, 27]
selectids [19, 27, 30, 33, 36, 38, 43, 44, 50, 52]

-------------Round number: 16-------------

Evaluate global model
Averaged Train Loss: 3.5620
Averaged Test Accurancy: 0.1739
Averaged Test AUC: 0.8223
Std Test Accurancy: 0.0793
Std Test AUC: 0.2001
------------------------- Round is  16 ------------------------- time cost ------------------------- 27.2453510761261
------------------------- Budget is : [9.419794797897339, 11.137367963790894, 12.026065826416016, 14.323070764541626, 16.626161098480225, 17.55243945121765, 19.500956535339355, 20.159454345703125, 22.317405462265015, 22.872126817703247, 24.846842765808105, 26.06546711921692, 25.923564910888672, 26.292537450790405, 26.55576491355896, 27.2453510761261]
select mode  is oort ,num is : 10
exploited_clients_count 10 sorted_by_utility: [1, 20, 34, 35, 0, 2, 4, 5, 6, 7, 9, 10, 11, 19, 22, 25, 27, 46, 56, 88, 8, 12, 13, 14, 26, 28, 29, 30, 33, 36, 38, 43, 44, 48, 50, 52, 3, 15, 16, 17, 18, 21, 23, 24, 31, 32, 37, 39, 40, 41, 42, 45, 47, 49, 51, 53, 54, 55, 57, 58, 59, 60, 61, 62, 63, 64, 65, 66, 67, 68, 69, 70, 71, 72, 73, 74, 75, 76, 77, 78, 79, 80, 81, 82, 83, 84, 85, 86, 87, 89, 90, 91, 92, 93, 94, 95, 96, 97, 98, 99] self.blacklist [35, 1, 2, 24, 39, 42, 47, 64, 84, 91, 94, 95, 3, 21, 23, 37, 40, 45, 67, 97, 98, 15, 17, 51, 66, 68, 71, 74, 80, 8, 48, 0, 16, 41, 65, 72, 78, 87, 89, 22, 25, 56, 88, 46, 11, 18, 31, 32, 49, 61, 69, 73, 90, 96, 12, 13, 4, 5, 20, 34, 28, 29, 75, 9, 14, 26, 7, 6, 10, 30, 63, 70, 86, 92, 19, 44, 50, 27]
round is  17 self.blacklist is : [35, 1, 2, 24, 39, 42, 47, 64, 84, 91, 94, 95, 3, 21, 23, 37, 40, 45, 67, 97, 98, 15, 17, 51, 66, 68, 71, 74, 80, 8, 48, 0, 16, 41, 65, 72, 78, 87, 89, 22, 25, 56, 88, 46, 11, 18, 31, 32, 49, 61, 69, 73, 90, 96, 12, 13, 4, 5, 20, 34, 28, 29, 75, 9, 14, 26, 7, 6, 10, 30, 63, 70, 86, 92, 19, 44, 50, 27, 53, 58, 62, 81, 36, 54, 33, 43, 52, 38]
selectids [33, 36, 38, 43, 52, 53, 54, 55, 57, 58]

-------------Round number: 17-------------

Evaluate global model
Averaged Train Loss: 3.5391
Averaged Test Accurancy: 0.1759
Averaged Test AUC: 0.8246
Std Test Accurancy: 0.0809
Std Test AUC: 0.1945
------------------------- Round is  17 ------------------------- time cost ------------------------- 26.870105028152466
------------------------- Budget is : [9.419794797897339, 11.137367963790894, 12.026065826416016, 14.323070764541626, 16.626161098480225, 17.55243945121765, 19.500956535339355, 20.159454345703125, 22.317405462265015, 22.872126817703247, 24.846842765808105, 26.06546711921692, 25.923564910888672, 26.292537450790405, 26.55576491355896, 27.2453510761261, 26.870105028152466]
select mode  is oort ,num is : 10
exploited_clients_count 10 sorted_by_utility: [1, 20, 34, 35, 0, 2, 4, 5, 6, 7, 9, 10, 11, 19, 22, 25, 27, 33, 36, 38, 43, 46, 52, 56, 88, 8, 12, 13, 14, 26, 28, 29, 30, 44, 48, 50, 53, 54, 55, 57, 58, 3, 15, 16, 17, 18, 21, 23, 24, 31, 32, 37, 39, 40, 41, 42, 45, 47, 49, 51, 59, 60, 61, 62, 63, 64, 65, 66, 67, 68, 69, 70, 71, 72, 73, 74, 75, 76, 77, 78, 79, 80, 81, 82, 83, 84, 85, 86, 87, 89, 90, 91, 92, 93, 94, 95, 96, 97, 98, 99] self.blacklist [35, 1, 2, 24, 39, 42, 47, 64, 84, 91, 94, 95, 3, 21, 23, 37, 40, 45, 67, 97, 98, 15, 17, 51, 66, 68, 71, 74, 80, 8, 48, 0, 16, 41, 65, 72, 78, 87, 89, 22, 25, 56, 88, 46, 11, 18, 31, 32, 49, 61, 69, 73, 90, 96, 12, 13, 4, 5, 20, 34, 28, 29, 75, 9, 14, 26, 7, 6, 10, 30, 63, 70, 86, 92, 19, 44, 50, 27, 53, 58, 62, 81, 36, 54, 33, 43, 52, 38]
round is  18 self.blacklist is : [35, 1, 2, 24, 39, 42, 47, 64, 84, 91, 94, 95, 3, 21, 23, 37, 40, 45, 67, 97, 98, 15, 17, 51, 66, 68, 71, 74, 80, 8, 48, 0, 16, 41, 65, 72, 78, 87, 89, 22, 25, 56, 88, 46, 11, 18, 31, 32, 49, 61, 69, 73, 90, 96, 12, 13, 4, 5, 20, 34, 28, 29, 75, 9, 14, 26, 7, 6, 10, 30, 63, 70, 86, 92, 19, 44, 50, 27, 53, 58, 62, 81, 36, 54, 33, 43, 52, 38, 76, 83, 93, 55, 60, 77, 82, 57]
selectids [55, 57, 59, 60, 76, 77, 79, 82, 83, 85]

-------------Round number: 18-------------

Evaluate global model
Averaged Train Loss: 3.5202
Averaged Test Accurancy: 0.1751
Averaged Test AUC: 0.8267
Std Test Accurancy: 0.0801
Std Test AUC: 0.1898
------------------------- Round is  18 ------------------------- time cost ------------------------- 28.802523374557495
------------------------- Budget is : [9.419794797897339, 11.137367963790894, 12.026065826416016, 14.323070764541626, 16.626161098480225, 17.55243945121765, 19.500956535339355, 20.159454345703125, 22.317405462265015, 22.872126817703247, 24.846842765808105, 26.06546711921692, 25.923564910888672, 26.292537450790405, 26.55576491355896, 27.2453510761261, 26.870105028152466, 28.802523374557495]
select mode  is oort ,num is : 10
exploited_clients_count 10 sorted_by_utility: [1, 20, 34, 35, 0, 2, 4, 5, 6, 7, 9, 10, 11, 19, 22, 25, 27, 33, 36, 38, 43, 46, 52, 55, 56, 57, 88, 8, 12, 13, 14, 26, 28, 29, 30, 44, 48, 50, 53, 54, 58, 59, 60, 76, 77, 79, 82, 83, 85, 3, 15, 16, 17, 18, 21, 23, 24, 31, 32, 37, 39, 40, 41, 42, 45, 47, 49, 51, 61, 62, 63, 64, 65, 66, 67, 68, 69, 70, 71, 72, 73, 74, 75, 78, 80, 81, 84, 86, 87, 89, 90, 91, 92, 93, 94, 95, 96, 97, 98, 99] self.blacklist [35, 1, 2, 24, 39, 42, 47, 64, 84, 91, 94, 95, 3, 21, 23, 37, 40, 45, 67, 97, 98, 15, 17, 51, 66, 68, 71, 74, 80, 8, 48, 0, 16, 41, 65, 72, 78, 87, 89, 22, 25, 56, 88, 46, 11, 18, 31, 32, 49, 61, 69, 73, 90, 96, 12, 13, 4, 5, 20, 34, 28, 29, 75, 9, 14, 26, 7, 6, 10, 30, 63, 70, 86, 92, 19, 44, 50, 27, 53, 58, 62, 81, 36, 54, 33, 43, 52, 38, 76, 83, 93, 55, 60, 77, 82, 57]
round is  19 self.blacklist is : [35, 1, 2, 24, 39, 42, 47, 64, 84, 91, 94, 95, 3, 21, 23, 37, 40, 45, 67, 97, 98, 15, 17, 51, 66, 68, 71, 74, 80, 8, 48, 0, 16, 41, 65, 72, 78, 87, 89, 22, 25, 56, 88, 46, 11, 18, 31, 32, 49, 61, 69, 73, 90, 96, 12, 13, 4, 5, 20, 34, 28, 29, 75, 9, 14, 26, 7, 6, 10, 30, 63, 70, 86, 92, 19, 44, 50, 27, 53, 58, 62, 81, 36, 54, 33, 43, 52, 38, 76, 83, 93, 55, 60, 77, 82, 57, 59, 79, 85, 99]
selectids [59, 79, 85, 99]

-------------Round number: 19-------------

Evaluate global model
Averaged Train Loss: 3.5057
Averaged Test Accurancy: 0.1761
Averaged Test AUC: 0.8281
Std Test Accurancy: 0.0815
Std Test AUC: 0.1865
------------------------- Round is  19 ------------------------- time cost ------------------------- 30.499383449554443
------------------------- Budget is : [9.419794797897339, 11.137367963790894, 12.026065826416016, 14.323070764541626, 16.626161098480225, 17.55243945121765, 19.500956535339355, 20.159454345703125, 22.317405462265015, 22.872126817703247, 24.846842765808105, 26.06546711921692, 25.923564910888672, 26.292537450790405, 26.55576491355896, 27.2453510761261, 26.870105028152466, 28.802523374557495, 30.499383449554443]
select mode  is oort ,num is : 10
exploited_clients_count 10 sorted_by_utility: [1, 20, 34, 35, 0, 2, 4, 5, 6, 7, 9, 10, 11, 19, 22, 25, 27, 33, 36, 38, 43, 46, 52, 55, 56, 57, 59, 79, 85, 88, 8, 12, 13, 14, 26, 28, 29, 30, 44, 48, 50, 53, 54, 58, 60, 76, 77, 82, 83, 99, 3, 15, 16, 17, 18, 21, 23, 24, 31, 32, 37, 39, 40, 41, 42, 45, 47, 49, 51, 61, 62, 63, 64, 65, 66, 67, 68, 69, 70, 71, 72, 73, 74, 75, 78, 80, 81, 84, 86, 87, 89, 90, 91, 92, 93, 94, 95, 96, 97, 98] self.blacklist [35, 1, 2, 24, 39, 42, 47, 64, 84, 91, 94, 95, 3, 21, 23, 37, 40, 45, 67, 97, 98, 15, 17, 51, 66, 68, 71, 74, 80, 8, 48, 0, 16, 41, 65, 72, 78, 87, 89, 22, 25, 56, 88, 46, 11, 18, 31, 32, 49, 61, 69, 73, 90, 96, 12, 13, 4, 5, 20, 34, 28, 29, 75, 9, 14, 26, 7, 6, 10, 30, 63, 70, 86, 92, 19, 44, 50, 27, 53, 58, 62, 81, 36, 54, 33, 43, 52, 38, 76, 83, 93, 55, 60, 77, 82, 57, 59, 79, 85, 99]
round is  20 self.blacklist is : [35, 1, 2, 24, 39, 42, 47, 64, 84, 91, 94, 95, 3, 21, 23, 37, 40, 45, 67, 97, 98, 15, 17, 51, 66, 68, 71, 74, 80, 8, 48, 0, 16, 41, 65, 72, 78, 87, 89, 22, 25, 56, 88, 46, 11, 18, 31, 32, 49, 61, 69, 73, 90, 96, 12, 13, 4, 5, 20, 34, 28, 29, 75, 9, 14, 26, 7, 6, 10, 30, 63, 70, 86, 92, 19, 44, 50, 27, 53, 58, 62, 81, 36, 54, 33, 43, 52, 38, 76, 83, 93, 55, 60, 77, 82, 57, 59, 79, 85, 99]
selectids []
Traceback (most recent call last):
  File "/root/FL_selection/system/main.py", line 556, in <module>
    run(args)
  File "/root/FL_selection/system/main.py", line 315, in run
    server.train()
  File "/root/FL_selection/system/flcore/servers/server_fedoort.py", line 252, in train
    kl_div, js_div, emd,round_time,highClientNum=self.record_update(i,ids)
  File "/root/FL_selection/system/flcore/servers/serverbase.py", line 164, in record_update
    self.cost_time += max(round_time)
ValueError: max() arg is an empty sequence
