/Users/alice/Desktop/python/FL_selection/system /Users/alice/Desktop/python/FL_selection
2024-10-24 21:16:00.992484: I tensorflow/core/platform/cpu_feature_guard.cc:182] This TensorFlow binary is optimized to use available CPU instructions in performance-critical operations.
To enable the following instructions: SSE4.1 SSE4.2 AVX AVX2 FMA, in other operations, rebuild TensorFlow with the appropriate compiler flags.

cuda is not avaiable.

==================================================
Algorithm: FedPyramid
Local batch size: 10
Local steps: 5
Local learing rate: 0.005
Local learing rate decay: False
Total number of clients: 20
Clients join in each round: 0.5
Clients randomly join: False
Client drop rate: 0.0
Client select regarding time: False
Running times: 1
Dataset: mnist
Number of classes: 10
Backbone: dnn
Using device: cpu
Using DP: False
Auto break: False
Global rounds: 3
DLG attack: False
Total number of new clients: 0
Fine tuning epoches on new clients: 0
==================================================

============= Running time: 0th =============
Creating server and clients ...
DNN(
  (fc1): Linear(in_features=784, out_features=100, bias=True)
  (fc): Linear(in_features=100, out_features=10, bias=True)
)
INFO:------------------------args.algorithm is:FedPyramid-----------------------
**************************1.INfo,set_clients ,init data********************
train_slow,send_slow 20 [False, False, False, False, False, False, False, False, False, False, False, False, False, False, False, False, False, False, False, False] [False, False, False, False, False, False, False, False, False, False, False, False, False, False, False, False, False, False, False, False]
10 args.num_classes
10 args.num_classes
10 args.num_classes
10 args.num_classes
10 args.num_classes
10 args.num_classes
10 args.num_classes
10 args.num_classes
10 args.num_classes
10 args.num_classes
10 args.num_classes
10 args.num_classes
10 args.num_classes
10 args.num_classes
10 args.num_classes
10 args.num_classes
10 args.num_classes
10 args.num_classes
10 args.num_classes
10 args.num_classes
client base client  0, total_num is 2370,label is [1006, 47, 0, 0, 0, 0, 620, 0, 671, 26]
client base client  1, total_num is 2612,label is [2378, 20, 7, 0, 0, 0, 0, 207, 0, 0]
client base client  2, total_num is 534,label is [0, 0, 0, 0, 0, 0, 464, 0, 70, 0]
client base client  3, total_num is 2184,label is [0, 0, 30, 3, 42, 1, 1, 2106, 0, 1]
client base client  4, total_num is 8040,label is [370, 50, 484, 7136, 0, 0, 0, 0, 0, 0]
client base client  5, total_num is 3748,label is [55, 0, 0, 0, 0, 0, 0, 0, 3693, 0]
client base client  6, total_num is 7980,label is [1797, 6183, 0, 0, 0, 0, 0, 0, 0, 0]
client base client  7, total_num is 1414,label is [0, 126, 11, 0, 636, 0, 641, 0, 0, 0]
client base client  8, total_num is 362,label is [336, 0, 0, 0, 0, 13, 0, 9, 1, 3]
client base client  9, total_num is 4040,label is [0, 16, 0, 0, 4024, 0, 0, 0, 0, 0]
client base client  10, total_num is 2386,label is [0, 0, 0, 0, 17, 1, 0, 0, 2368, 0]
client base client  11, total_num is 5184,label is [0, 0, 172, 0, 0, 1, 5011, 0, 0, 0]
client base client  12, total_num is 4995,label is [0, 0, 2727, 0, 0, 2268, 0, 0, 0, 0]
client base client  13, total_num is 1215,label is [18, 0, 0, 0, 0, 1197, 0, 0, 0, 0]
client base client  14, total_num is 3157,label is [919, 0, 0, 0, 2073, 6, 138, 0, 21, 0]
client base client  15, total_num is 78,label is [0, 0, 4, 0, 0, 0, 0, 73, 0, 1]
client base client  16, total_num is 4995,label is [1, 0, 0, 1, 0, 95, 0, 4898, 0, 0]
client base client  17, total_num is 6947,label is [0, 0, 0, 0, 20, 0, 0, 0, 0, 6927]
client base client  18, total_num is 3872,label is [22, 296, 3554, 0, 0, 0, 0, 0, 0, 0]
client base client  19, total_num is 3887,label is [1, 1139, 1, 1, 12, 2731, 1, 0, 1, 0]
systemProfile <class 'queue.Queue'> 20
systemProfile <class 'queue.Queue'> 19
systemProfile <class 'queue.Queue'> 18
systemProfile <class 'queue.Queue'> 17
systemProfile <class 'queue.Queue'> 16
systemProfile <class 'queue.Queue'> 15
systemProfile <class 'queue.Queue'> 14
systemProfile <class 'queue.Queue'> 13
systemProfile <class 'queue.Queue'> 12
systemProfile <class 'queue.Queue'> 11
systemProfile <class 'queue.Queue'> 10
systemProfile <class 'queue.Queue'> 9
systemProfile <class 'queue.Queue'> 8
systemProfile <class 'queue.Queue'> 7
systemProfile <class 'queue.Queue'> 6
systemProfile <class 'queue.Queue'> 5
systemProfile <class 'queue.Queue'> 4
systemProfile <class 'queue.Queue'> 3
systemProfile <class 'queue.Queue'> 2
systemProfile <class 'queue.Queue'> 1
after initiate_sampler_query self.queue 0 {0: [0], 1: [1], 2: [2], 3: [3], 4: [4], 5: [5], 6: [6], 7: [7], 8: [8], 9: [9], 10: [10], 11: [11], 12: [12], 13: [13], 14: [14], 15: [15], 16: [16], 17: [17], 18: [18], 19: [19]}

Join ratio / total clients: 0.5 / 20
Finished creating server and clients.

-------------Round number: 0-------------

Evaluate global model
Averaged Train Loss: 2.3052
Averaged Test Accurancy: 0.1055
Averaged Test AUC: 0.5279
Std Test Accurancy: 0.1455
Std Test AUC: 0.2172
Averaged Train Loss: 2.3052
Averaged Test Accurancy: 0.1055
Averaged Test AUC: 0.5279
Std Test Accurancy: 0.1455
Std Test AUC: 0.2172
res is: ['FedPyramid', 0, 2.305216865625074, 0.10545558411882319, 0.5278970931160183, 0.14549019371901503, 0.21722242034125602]
Traceback (most recent call last):
  File "/Users/alice/Desktop/python/FL_selection/system/main.py", line 526, in <module>
    run(args)
  File "/Users/alice/Desktop/python/FL_selection/system/main.py", line 301, in run
    server.train()
  File "/Users/alice/Desktop/python/FL_selection/system/flcore/servers/server_pyramid.py", line 79, in train
    self.send_models(ids,i)
TypeError: FedPyramid.send_models() takes 2 positional arguments but 3 were given
