/Users/alice/Desktop/python/FL_selection/system /Users/alice/Desktop/python/FL_selection
2024-10-16 14:54:53.664285: I tensorflow/core/platform/cpu_feature_guard.cc:182] This TensorFlow binary is optimized to use available CPU instructions in performance-critical operations.
To enable the following instructions: SSE4.1 SSE4.2 AVX AVX2 FMA, in other operations, rebuild TensorFlow with the appropriate compiler flags.

cuda is not avaiable.

==================================================
Algorithm: FedVOI
Local batch size: 10
Local steps: 5
Local learing rate: 0.005
Local learing rate decay: False
Total number of clients: 20
Clients join in each round: 0.5
Clients randomly join: False
Client drop rate: 0.0
Client select regarding time: False
Running times: 1
Dataset: mnist
Number of classes: 10
Backbone: dnn
Using device: cpu
Using DP: False
Auto break: False
Global rounds: 3
DLG attack: False
Total number of new clients: 0
Fine tuning epoches on new clients: 0
==================================================

============= Running time: 0th =============
Creating server and clients ...
DNN(
  (fc1): Linear(in_features=784, out_features=100, bias=True)
  (fc): Linear(in_features=100, out_features=10, bias=True)
)
INFO:------------------------args.algorithm is:FedVOI-----------------------
self.num_join_clients is 10,client is:20
ppo init self.obs_dim is 20self.features_dim is 4self.act_dim is 20
**************************1.INfo,set_clients ,init data********************
train_slow,send_slow 20 [False, False, False, False, False, False, False, False, False, False, False, False, False, False, False, False, False, False, False, False] [False, False, False, False, False, False, False, False, False, False, False, False, False, False, False, False, False, False, False, False]
10 args.num_classes
10 args.num_classes
10 args.num_classes
10 args.num_classes
10 args.num_classes
10 args.num_classes
10 args.num_classes
10 args.num_classes
10 args.num_classes
10 args.num_classes
10 args.num_classes
10 args.num_classes
10 args.num_classes
10 args.num_classes
10 args.num_classes
10 args.num_classes
10 args.num_classes
10 args.num_classes
10 args.num_classes
10 args.num_classes
client base client  0, total_num is 2370,label is [1006, 47, 0, 0, 0, 0, 620, 0, 671, 26]
client base client  1, total_num is 2612,label is [2378, 20, 7, 0, 0, 0, 0, 207, 0, 0]
client base client  2, total_num is 534,label is [0, 0, 0, 0, 0, 0, 464, 0, 70, 0]
client base client  3, total_num is 2184,label is [0, 0, 30, 3, 42, 1, 1, 2106, 0, 1]
client base client  4, total_num is 8040,label is [370, 50, 484, 7136, 0, 0, 0, 0, 0, 0]
client base client  5, total_num is 3748,label is [55, 0, 0, 0, 0, 0, 0, 0, 3693, 0]
client base client  6, total_num is 7980,label is [1797, 6183, 0, 0, 0, 0, 0, 0, 0, 0]
client base client  7, total_num is 1414,label is [0, 126, 11, 0, 636, 0, 641, 0, 0, 0]
client base client  8, total_num is 362,label is [336, 0, 0, 0, 0, 13, 0, 9, 1, 3]
client base client  9, total_num is 4040,label is [0, 16, 0, 0, 4024, 0, 0, 0, 0, 0]
client base client  10, total_num is 2386,label is [0, 0, 0, 0, 17, 1, 0, 0, 2368, 0]
client base client  11, total_num is 5184,label is [0, 0, 172, 0, 0, 1, 5011, 0, 0, 0]
client base client  12, total_num is 4995,label is [0, 0, 2727, 0, 0, 2268, 0, 0, 0, 0]
client base client  13, total_num is 1215,label is [18, 0, 0, 0, 0, 1197, 0, 0, 0, 0]
client base client  14, total_num is 3157,label is [919, 0, 0, 0, 2073, 6, 138, 0, 21, 0]
client base client  15, total_num is 78,label is [0, 0, 4, 0, 0, 0, 0, 73, 0, 1]
client base client  16, total_num is 4995,label is [1, 0, 0, 1, 0, 95, 0, 4898, 0, 0]
client base client  17, total_num is 6947,label is [0, 0, 0, 0, 20, 0, 0, 0, 0, 6927]
client base client  18, total_num is 3872,label is [22, 296, 3554, 0, 0, 0, 0, 0, 0, 0]
client base client  19, total_num is 3887,label is [1, 1139, 1, 1, 12, 2731, 1, 0, 1, 0]

Join ratio / total clients: 0.5 / 20
Finished creating server and clients.
Learning... Running 5 timesteps per episode, 10 timesteps per batch for a total of 20000 timesteps
################################################## rl  data start -------
Averaged Train Loss: 2.3052
Averaged Test Accurancy: 0.1055
Averaged Test AUC: 0.5279
Std Test Accurancy: 0.1455
Std Test AUC: 0.2172
##############################  t is 0 ;obs is tensor([[ 4087.1609,  2370.0000,     0.0000,     0.0000],
        [ 4660.5942,  2612.0000,     0.0000,     0.0000],
        [  897.8027,   534.0000,     0.0000,     0.0000],
        [ 3986.0364,  2184.0000,     0.0000,     0.0000],
        [12628.3857,  8040.0000,     0.0000,     0.0000],
        [ 6338.2490,  3748.0000,     0.0000,     0.0000],
        [13889.6387,  7980.0000,     0.0000,     0.0000],
        [ 2345.4529,  1414.0000,     0.0000,     0.0000],
        [  642.8575,   362.0000,     0.0000,     0.0000],
        [ 6564.4683,  4040.0000,     0.0000,     0.0000],
        [ 4017.7693,  2386.0000,     0.0000,     0.0000],
        [ 8739.7793,  5184.0000,     0.0000,     0.0000],
        [ 9247.5918,  4995.0000,     0.0000,     0.0000],
        [ 2244.3186,  1215.0000,     0.0000,     0.0000],
        [ 5273.7295,  3157.0000,     0.0000,     0.0000],
        [  122.9598,    78.0000,     0.0000,     0.0000],
        [ 9162.5049,  4995.0000,     0.0000,     0.0000],
        [11770.9531,  6947.0000,     0.0000,     0.0000],
        [ 7157.8530,  3872.0000,     0.0000,     0.0000],
        [ 7038.3096,  3887.0000,     0.0000,     0.0000]])
------------------------------ ep_t is 0,t is 1,self.max_timesteps_per_episode is 5,self.timesteps_per_batch is 10
obs is :obs tensor([[ 4087.1609,  2370.0000,     0.0000,     0.0000],
        [ 4660.5942,  2612.0000,     0.0000,     0.0000],
        [  897.8027,   534.0000,     0.0000,     0.0000],
        [ 3986.0364,  2184.0000,     0.0000,     0.0000],
        [12628.3857,  8040.0000,     0.0000,     0.0000],
        [ 6338.2490,  3748.0000,     0.0000,     0.0000],
        [13889.6387,  7980.0000,     0.0000,     0.0000],
        [ 2345.4529,  1414.0000,     0.0000,     0.0000],
        [  642.8575,   362.0000,     0.0000,     0.0000],
        [ 6564.4683,  4040.0000,     0.0000,     0.0000],
        [ 4017.7693,  2386.0000,     0.0000,     0.0000],
        [ 8739.7793,  5184.0000,     0.0000,     0.0000],
        [ 9247.5918,  4995.0000,     0.0000,     0.0000],
        [ 2244.3186,  1215.0000,     0.0000,     0.0000],
        [ 5273.7295,  3157.0000,     0.0000,     0.0000],
        [  122.9598,    78.0000,     0.0000,     0.0000],
        [ 9162.5049,  4995.0000,     0.0000,     0.0000],
        [11770.9531,  6947.0000,     0.0000,     0.0000],
        [ 7157.8530,  3872.0000,     0.0000,     0.0000],
        [ 7038.3096,  3887.0000,     0.0000,     0.0000]])
多维正太分布的动作 log_prob: tensor([-20.4143], grad_fn=<SubBackward0>) tensor([[ -56.2562,   55.4977, -133.3015,  194.0116, -124.2947,  734.4246,
         -210.1106,  251.2579, -203.4953,  387.6728,  -46.8173,  354.5332,
           64.2127, -497.4879,  100.0084,  508.3790,  170.5813,  223.3410,
           98.0833,  472.5072]])
Actor output action: (1, 20) log_prob torch.Size([1])
Task completed with result: None
Task completed with result: None
Task completed with result: None
Task completed with result: None
Task completed with result: None
Task completed with result: None
Task completed with result: None
Task completed with result: None
Task completed with result: None
Task completed with result: None
Task completed with result: None
Task completed with result: None
Task completed with result: None
Task completed with result: None
Task completed with result: None
Task completed with result: None
Task completed with result: None
Task completed with result: None
Task completed with result: None
Task completed with result: None

-----------rl--Round number: 1-------------

Evaluate global model
Averaged Train Loss: 0.0466
Averaged Test Accurancy: 0.9851
Averaged Test AUC: 0.9997
Std Test Accurancy: 0.0234
Std Test AUC: 0.0083
Averaged Train Loss: 2.7057
Averaged Test Accurancy: 0.2119
Averaged Test AUC: 0.5972
Std Test Accurancy: 0.3346
Std Test AUC: 0.2748
env output obs: torch.Size([20, 4]) rew 99997.29433390552
------------------------------ ep_t is 1,t is 2,self.max_timesteps_per_episode is 5,self.timesteps_per_batch is 10
obs is :obs tensor([[ 262.7002, 2370.0000,    0.0000,    0.0000],
        [  96.1508, 2612.0000,    0.0000,    0.0000],
        [  37.6114,  534.0000,    0.0000,    0.0000],
        [ 168.2127, 2184.0000,    0.0000,    0.0000],
        [ 441.3757, 8040.0000,    0.0000,    0.0000],
        [  49.7739, 3748.0000,    0.0000,    0.0000],
        [  25.0029, 7980.0000,    0.0000,    0.0000],
        [ 128.5858, 1414.0000,    0.0000,    0.0000],
        [  73.3363,  362.0000,    0.0000,    0.0000],
        [  47.6315, 4040.0000,    0.0000,    0.0000],
        [  78.2156, 2386.0000,    0.0000,    0.0000],
        [ 100.8559, 5184.0000,    0.0000,    0.0000],
        [ 201.0045, 4995.0000,    0.0000,    0.0000],
        [  48.3193, 1215.0000,    0.0000,    0.0000],
        [ 213.2070, 3157.0000,    0.0000,    0.0000],
        [  13.4217,   78.0000,    0.0000,    0.0000],
        [  77.2699, 4995.0000,    0.0000,    0.0000],
        [  83.2992, 6947.0000,    0.0000,    0.0000],
        [ 137.6815, 3872.0000,    0.0000,    0.0000],
        [ 157.3956, 3887.0000,    0.0000,    0.0000]])
多维正太分布的动作 log_prob: tensor([-24.5631], grad_fn=<SubBackward0>) tensor([[  82.1769,   37.6152,  105.8344,  131.1662,  -21.5962,   67.8227,
          -32.2131,  135.6602,   30.3071,  159.7480,   18.0146,  322.4268,
           24.4042, -133.2827,  171.7613,  262.3992,  349.1751,  208.1248,
          -30.0953,  364.4110]])
Actor output action: (1, 20) log_prob torch.Size([1])
Task completed with result: None
Task completed with result: None
Task completed with result: None
Task completed with result: None
Task completed with result: None
Task completed with result: None
Task completed with result: None
Task completed with result: None
Task completed with result: None
Task completed with result: None
Task completed with result: None
Task completed with result: None
Task completed with result: None
Task completed with result: None
Task completed with result: None
Task completed with result: None
Task completed with result: None
Task completed with result: None
Task completed with result: None
Task completed with result: None

-----------rl--Round number: 2-------------

Evaluate global model
Averaged Train Loss: 0.0384
Averaged Test Accurancy: 0.9870
Averaged Test AUC: 0.9997
Std Test Accurancy: 0.0234
Std Test AUC: 0.0101
Averaged Train Loss: 2.4861
Averaged Test Accurancy: 0.2561
Averaged Test AUC: 0.6454
Std Test Accurancy: 0.3282
Std Test AUC: 0.2595
env output obs: torch.Size([20, 4]) rew 99997.51393370176
------------------------------ ep_t is 2,t is 3,self.max_timesteps_per_episode is 5,self.timesteps_per_batch is 10
obs is :obs tensor([[ 222.6790, 2370.0000,    0.0000,    0.0000],
        [  62.7038, 2612.0000,    0.0000,    0.0000],
        [  26.6193,  534.0000,    0.0000,    0.0000],
        [ 135.7202, 2184.0000,    0.0000,    0.0000],
        [ 369.8685, 8040.0000,    0.0000,    0.0000],
        [  29.2608, 3748.0000,    0.0000,    0.0000],
        [  22.0485, 7980.0000,    0.0000,    0.0000],
        [ 111.1810, 1414.0000,    0.0000,    0.0000],
        [  51.6290,  362.0000,    0.0000,    0.0000],
        [  28.9816, 4040.0000,    0.0000,    0.0000],
        [  63.6135, 2386.0000,    0.0000,    0.0000],
        [  92.3597, 5184.0000,    0.0000,    0.0000],
        [ 202.3160, 4995.0000,    0.0000,    0.0000],
        [  24.7777, 1215.0000,    0.0000,    0.0000],
        [ 182.8291, 3157.0000,    0.0000,    0.0000],
        [   9.3949,   78.0000,    0.0000,    0.0000],
        [  70.4784, 4995.0000,    0.0000,    0.0000],
        [  79.6947, 6947.0000,    0.0000,    0.0000],
        [  86.6566, 3872.0000,    0.0000,    0.0000],
        [ 142.0500, 3887.0000,    0.0000,    0.0000]])
多维正太分布的动作 log_prob: tensor([-18.1638], grad_fn=<SubBackward0>) tensor([[  81.4893,   37.7114,  107.1053,  129.6373,  -21.0464,   65.8138,
          -29.0613,  137.6661,   33.3977,  156.9066,   18.5643,  320.3875,
           23.0702, -131.9856,  172.4743,  259.8867,  350.6690,  204.4148,
          -29.1565,  363.7096]])
Actor output action: (1, 20) log_prob torch.Size([1])
Task completed with result: None
Task completed with result: None
Task completed with result: None
Task completed with result: None
Task completed with result: None
Task completed with result: None
Task completed with result: None
Task completed with result: None
Task completed with result: None
Task completed with result: None
Task completed with result: None
Task completed with result: None
Task completed with result: None
Task completed with result: None
Task completed with result: None
Task completed with result: None
Task completed with result: None
Task completed with result: None
Task completed with result: None
Task completed with result: None

-----------rl--Round number: 3-------------

Evaluate global model
Averaged Train Loss: 0.0349
Averaged Test Accurancy: 0.9880
Averaged Test AUC: 0.9997
Std Test Accurancy: 0.0219
Std Test AUC: 0.0105
Averaged Train Loss: 2.2162
Averaged Test Accurancy: 0.3276
Averaged Test AUC: 0.7000
Std Test Accurancy: 0.3398
Std Test AUC: 0.2405
env output obs: torch.Size([20, 4]) rew 99997.78377030048
##############################  t is 3 ;obs is tensor([[2.0706e+02, 2.3700e+03, 0.0000e+00, 0.0000e+00],
        [4.9809e+01, 2.6120e+03, 0.0000e+00, 0.0000e+00],
        [2.3055e+01, 5.3400e+02, 0.0000e+00, 0.0000e+00],
        [1.2078e+02, 2.1840e+03, 0.0000e+00, 0.0000e+00],
        [3.3850e+02, 8.0400e+03, 0.0000e+00, 0.0000e+00],
        [2.4504e+01, 3.7480e+03, 0.0000e+00, 0.0000e+00],
        [1.9151e+01, 7.9800e+03, 0.0000e+00, 0.0000e+00],
        [9.9947e+01, 1.4140e+03, 0.0000e+00, 0.0000e+00],
        [4.1677e+01, 3.6200e+02, 0.0000e+00, 0.0000e+00],
        [2.0640e+01, 4.0400e+03, 0.0000e+00, 0.0000e+00],
        [5.5562e+01, 2.3860e+03, 0.0000e+00, 0.0000e+00],
        [8.5985e+01, 5.1840e+03, 0.0000e+00, 0.0000e+00],
        [2.0108e+02, 4.9950e+03, 0.0000e+00, 0.0000e+00],
        [1.9222e+01, 1.2150e+03, 0.0000e+00, 0.0000e+00],
        [1.6890e+02, 3.1570e+03, 0.0000e+00, 0.0000e+00],
        [6.2181e+00, 7.8000e+01, 0.0000e+00, 0.0000e+00],
        [6.2935e+01, 4.9950e+03, 0.0000e+00, 0.0000e+00],
        [7.7477e+01, 6.9470e+03, 0.0000e+00, 0.0000e+00],
        [7.6649e+01, 3.8720e+03, 0.0000e+00, 0.0000e+00],
        [1.3097e+02, 3.8870e+03, 0.0000e+00, 0.0000e+00]])
------------------------------ ep_t is 0,t is 4,self.max_timesteps_per_episode is 5,self.timesteps_per_batch is 10
obs is :obs tensor([[2.0706e+02, 2.3700e+03, 0.0000e+00, 0.0000e+00],
        [4.9809e+01, 2.6120e+03, 0.0000e+00, 0.0000e+00],
        [2.3055e+01, 5.3400e+02, 0.0000e+00, 0.0000e+00],
        [1.2078e+02, 2.1840e+03, 0.0000e+00, 0.0000e+00],
        [3.3850e+02, 8.0400e+03, 0.0000e+00, 0.0000e+00],
        [2.4504e+01, 3.7480e+03, 0.0000e+00, 0.0000e+00],
        [1.9151e+01, 7.9800e+03, 0.0000e+00, 0.0000e+00],
        [9.9947e+01, 1.4140e+03, 0.0000e+00, 0.0000e+00],
        [4.1677e+01, 3.6200e+02, 0.0000e+00, 0.0000e+00],
        [2.0640e+01, 4.0400e+03, 0.0000e+00, 0.0000e+00],
        [5.5562e+01, 2.3860e+03, 0.0000e+00, 0.0000e+00],
        [8.5985e+01, 5.1840e+03, 0.0000e+00, 0.0000e+00],
        [2.0108e+02, 4.9950e+03, 0.0000e+00, 0.0000e+00],
        [1.9222e+01, 1.2150e+03, 0.0000e+00, 0.0000e+00],
        [1.6890e+02, 3.1570e+03, 0.0000e+00, 0.0000e+00],
        [6.2181e+00, 7.8000e+01, 0.0000e+00, 0.0000e+00],
        [6.2935e+01, 4.9950e+03, 0.0000e+00, 0.0000e+00],
        [7.7477e+01, 6.9470e+03, 0.0000e+00, 0.0000e+00],
        [7.6649e+01, 3.8720e+03, 0.0000e+00, 0.0000e+00],
        [1.3097e+02, 3.8870e+03, 0.0000e+00, 0.0000e+00]])
多维正太分布的动作 log_prob: tensor([-22.3696], grad_fn=<SubBackward0>) tensor([[  80.6956,   39.5001,  108.5532,  128.8201,  -20.7348,   67.2694,
          -28.7978,  137.2677,   33.5206,  156.0458,   20.4971,  321.8503,
           23.1103, -130.9487,  172.1853,  260.3408,  350.0841,  202.3172,
          -28.8227,  363.7359]])
Actor output action: (1, 20) log_prob torch.Size([1])
Task completed with result: None
Task completed with result: None
Task completed with result: None
Task completed with result: None
Task completed with result: None
Task completed with result: None
Task completed with result: None
Task completed with result: None
Task completed with result: None
Task completed with result: None
Task completed with result: None
Task completed with result: None
Task completed with result: None
Task completed with result: None
Task completed with result: None
Task completed with result: None
Task completed with result: None
Task completed with result: None
Task completed with result: None
Task completed with result: None

-----------rl--Round number: 4-------------

Evaluate global model
Averaged Train Loss: 0.0327
Averaged Test Accurancy: 0.9889
Averaged Test AUC: 0.9997
Std Test Accurancy: 0.0221
Std Test AUC: 0.0107
Averaged Train Loss: 2.0173
Averaged Test Accurancy: 0.3746
Averaged Test AUC: 0.7442
Std Test Accurancy: 0.3457
Std Test AUC: 0.2256
env output obs: torch.Size([20, 4]) rew 99997.98271503384
##############################  t is 4 ;obs is tensor([[1.9735e+02, 2.3700e+03, 0.0000e+00, 0.0000e+00],
        [4.2586e+01, 2.6120e+03, 0.0000e+00, 0.0000e+00],
        [2.0816e+01, 5.3400e+02, 0.0000e+00, 0.0000e+00],
        [1.0987e+02, 2.1840e+03, 0.0000e+00, 0.0000e+00],
        [3.1863e+02, 8.0400e+03, 0.0000e+00, 0.0000e+00],
        [2.2062e+01, 3.7480e+03, 0.0000e+00, 0.0000e+00],
        [1.6300e+01, 7.9800e+03, 0.0000e+00, 0.0000e+00],
        [9.1969e+01, 1.4140e+03, 0.0000e+00, 0.0000e+00],
        [3.6275e+01, 3.6200e+02, 0.0000e+00, 0.0000e+00],
        [1.7148e+01, 4.0400e+03, 0.0000e+00, 0.0000e+00],
        [4.9831e+01, 2.3860e+03, 0.0000e+00, 0.0000e+00],
        [8.0918e+01, 5.1840e+03, 0.0000e+00, 0.0000e+00],
        [1.9968e+02, 4.9950e+03, 0.0000e+00, 0.0000e+00],
        [1.7249e+01, 1.2150e+03, 0.0000e+00, 0.0000e+00],
        [1.5960e+02, 3.1570e+03, 0.0000e+00, 0.0000e+00],
        [4.4443e+00, 7.8000e+01, 0.0000e+00, 0.0000e+00],
        [5.7353e+01, 4.9950e+03, 0.0000e+00, 0.0000e+00],
        [7.6136e+01, 6.9470e+03, 0.0000e+00, 0.0000e+00],
        [7.1334e+01, 3.8720e+03, 0.0000e+00, 0.0000e+00],
        [1.2195e+02, 3.8870e+03, 0.0000e+00, 0.0000e+00]])
------------------------------ ep_t is 0,t is 5,self.max_timesteps_per_episode is 5,self.timesteps_per_batch is 10
obs is :obs tensor([[1.9735e+02, 2.3700e+03, 0.0000e+00, 0.0000e+00],
        [4.2586e+01, 2.6120e+03, 0.0000e+00, 0.0000e+00],
        [2.0816e+01, 5.3400e+02, 0.0000e+00, 0.0000e+00],
        [1.0987e+02, 2.1840e+03, 0.0000e+00, 0.0000e+00],
        [3.1863e+02, 8.0400e+03, 0.0000e+00, 0.0000e+00],
        [2.2062e+01, 3.7480e+03, 0.0000e+00, 0.0000e+00],
        [1.6300e+01, 7.9800e+03, 0.0000e+00, 0.0000e+00],
        [9.1969e+01, 1.4140e+03, 0.0000e+00, 0.0000e+00],
        [3.6275e+01, 3.6200e+02, 0.0000e+00, 0.0000e+00],
        [1.7148e+01, 4.0400e+03, 0.0000e+00, 0.0000e+00],
        [4.9831e+01, 2.3860e+03, 0.0000e+00, 0.0000e+00],
        [8.0918e+01, 5.1840e+03, 0.0000e+00, 0.0000e+00],
        [1.9968e+02, 4.9950e+03, 0.0000e+00, 0.0000e+00],
        [1.7249e+01, 1.2150e+03, 0.0000e+00, 0.0000e+00],
        [1.5960e+02, 3.1570e+03, 0.0000e+00, 0.0000e+00],
        [4.4443e+00, 7.8000e+01, 0.0000e+00, 0.0000e+00],
        [5.7353e+01, 4.9950e+03, 0.0000e+00, 0.0000e+00],
        [7.6136e+01, 6.9470e+03, 0.0000e+00, 0.0000e+00],
        [7.1334e+01, 3.8720e+03, 0.0000e+00, 0.0000e+00],
        [1.2195e+02, 3.8870e+03, 0.0000e+00, 0.0000e+00]])
多维正太分布的动作 log_prob: tensor([-21.2559], grad_fn=<SubBackward0>) tensor([[  81.8000,   40.5072,  108.4903,  128.3465,  -21.5536,   67.8572,
          -29.1606,  137.7511,   33.2969,  154.1098,   18.8319,  320.7144,
           22.1752, -131.4599,  173.7796,  258.4815,  350.6961,  202.3697,
          -27.1606,  362.8784]])
Actor output action: (1, 20) log_prob torch.Size([1])
Task completed with result: None
Task completed with result: None
Task completed with result: None
Task completed with result: None
Task completed with result: None
Task completed with result: None
Task completed with result: None
Task completed with result: None
Task completed with result: None
Task completed with result: None
Task completed with result: None
Task completed with result: None
Task completed with result: None
Task completed with result: None
Task completed with result: None
Task completed with result: None
Task completed with result: None
Task completed with result: None
Task completed with result: None
Task completed with result: None

-----------rl--Round number: 5-------------

Evaluate global model
Averaged Train Loss: 0.0310
Averaged Test Accurancy: 0.9893
Averaged Test AUC: 0.9997
Std Test Accurancy: 0.0221
Std Test AUC: 0.0101
Averaged Train Loss: 1.8638
Averaged Test Accurancy: 0.4232
Averaged Test AUC: 0.7753
Std Test Accurancy: 0.3354
Std Test AUC: 0.2183
env output obs: torch.Size([20, 4]) rew 99998.13617737919
##############################  t is 5 ;obs is tensor([[1.9001e+02, 2.3700e+03, 0.0000e+00, 0.0000e+00],
        [3.7998e+01, 2.6120e+03, 0.0000e+00, 0.0000e+00],
        [1.9171e+01, 5.3400e+02, 0.0000e+00, 0.0000e+00],
        [1.0234e+02, 2.1840e+03, 0.0000e+00, 0.0000e+00],
        [3.0343e+02, 8.0400e+03, 0.0000e+00, 0.0000e+00],
        [2.0525e+01, 3.7480e+03, 0.0000e+00, 0.0000e+00],
        [1.4106e+01, 7.9800e+03, 0.0000e+00, 0.0000e+00],
        [8.6211e+01, 1.4140e+03, 0.0000e+00, 0.0000e+00],
        [3.2915e+01, 3.6200e+02, 0.0000e+00, 0.0000e+00],
        [1.5203e+01, 4.0400e+03, 0.0000e+00, 0.0000e+00],
        [4.5583e+01, 2.3860e+03, 0.0000e+00, 0.0000e+00],
        [7.6583e+01, 5.1840e+03, 0.0000e+00, 0.0000e+00],
        [1.9862e+02, 4.9950e+03, 0.0000e+00, 0.0000e+00],
        [1.6245e+01, 1.2150e+03, 0.0000e+00, 0.0000e+00],
        [1.5281e+02, 3.1570e+03, 0.0000e+00, 0.0000e+00],
        [3.3146e+00, 7.8000e+01, 0.0000e+00, 0.0000e+00],
        [5.2990e+01, 4.9950e+03, 0.0000e+00, 0.0000e+00],
        [7.5242e+01, 6.9470e+03, 0.0000e+00, 0.0000e+00],
        [6.7504e+01, 3.8720e+03, 0.0000e+00, 0.0000e+00],
        [1.1479e+02, 3.8870e+03, 0.0000e+00, 0.0000e+00]])
------------------------------ ep_t is 0,t is 6,self.max_timesteps_per_episode is 5,self.timesteps_per_batch is 10
obs is :obs tensor([[1.9001e+02, 2.3700e+03, 0.0000e+00, 0.0000e+00],
        [3.7998e+01, 2.6120e+03, 0.0000e+00, 0.0000e+00],
        [1.9171e+01, 5.3400e+02, 0.0000e+00, 0.0000e+00],
        [1.0234e+02, 2.1840e+03, 0.0000e+00, 0.0000e+00],
        [3.0343e+02, 8.0400e+03, 0.0000e+00, 0.0000e+00],
        [2.0525e+01, 3.7480e+03, 0.0000e+00, 0.0000e+00],
        [1.4106e+01, 7.9800e+03, 0.0000e+00, 0.0000e+00],
        [8.6211e+01, 1.4140e+03, 0.0000e+00, 0.0000e+00],
        [3.2915e+01, 3.6200e+02, 0.0000e+00, 0.0000e+00],
        [1.5203e+01, 4.0400e+03, 0.0000e+00, 0.0000e+00],
        [4.5583e+01, 2.3860e+03, 0.0000e+00, 0.0000e+00],
        [7.6583e+01, 5.1840e+03, 0.0000e+00, 0.0000e+00],
        [1.9862e+02, 4.9950e+03, 0.0000e+00, 0.0000e+00],
        [1.6245e+01, 1.2150e+03, 0.0000e+00, 0.0000e+00],
        [1.5281e+02, 3.1570e+03, 0.0000e+00, 0.0000e+00],
        [3.3146e+00, 7.8000e+01, 0.0000e+00, 0.0000e+00],
        [5.2990e+01, 4.9950e+03, 0.0000e+00, 0.0000e+00],
        [7.5242e+01, 6.9470e+03, 0.0000e+00, 0.0000e+00],
        [6.7504e+01, 3.8720e+03, 0.0000e+00, 0.0000e+00],
        [1.1479e+02, 3.8870e+03, 0.0000e+00, 0.0000e+00]])
多维正太分布的动作 log_prob: tensor([-21.8123], grad_fn=<SubBackward0>) tensor([[  82.2258,   40.8261,  108.9845,  128.5912,  -20.8490,   65.7702,
          -27.8923,  137.8235,   35.4905,  156.9940,   19.3361,  320.3017,
           23.2448, -130.7343,  173.4576,  260.0261,  349.6635,  201.2284,
          -27.5101,  363.2130]])
Actor output action: (1, 20) log_prob torch.Size([1])
Task completed with result: None
Task completed with result: None
Task completed with result: None
Task completed with result: None
Task completed with result: None
Task completed with result: None
Task completed with result: None
Task completed with result: None
Task completed with result: None
Task completed with result: None
Task completed with result: None
Task completed with result: None
Task completed with result: None
Task completed with result: None
Task completed with result: None
Task completed with result: None
Task completed with result: None
Task completed with result: None
Task completed with result: None
Task completed with result: None

-----------rl--Round number: 6-------------

Evaluate global model
Averaged Train Loss: 0.0297
Averaged Test Accurancy: 0.9897
Averaged Test AUC: 0.9998
Std Test Accurancy: 0.0220
Std Test AUC: 0.0099
Averaged Train Loss: 1.7705
Averaged Test Accurancy: 0.4641
Averaged Test AUC: 0.7951
Std Test Accurancy: 0.3251
Std Test AUC: 0.2146
env output obs: torch.Size([20, 4]) rew 99998.2295419346
##############################  t is 6 ;obs is tensor([[1.8413e+02, 2.3700e+03, 0.0000e+00, 0.0000e+00],
        [3.4703e+01, 2.6120e+03, 0.0000e+00, 0.0000e+00],
        [1.7850e+01, 5.3400e+02, 0.0000e+00, 0.0000e+00],
        [9.6405e+01, 2.1840e+03, 0.0000e+00, 0.0000e+00],
        [2.9066e+02, 8.0400e+03, 0.0000e+00, 0.0000e+00],
        [1.9427e+01, 3.7480e+03, 0.0000e+00, 0.0000e+00],
        [1.2576e+01, 7.9800e+03, 0.0000e+00, 0.0000e+00],
        [8.1888e+01, 1.4140e+03, 0.0000e+00, 0.0000e+00],
        [3.0540e+01, 3.6200e+02, 0.0000e+00, 0.0000e+00],
        [1.3918e+01, 4.0400e+03, 0.0000e+00, 0.0000e+00],
        [4.2293e+01, 2.3860e+03, 0.0000e+00, 0.0000e+00],
        [7.2840e+01, 5.1840e+03, 0.0000e+00, 0.0000e+00],
        [1.9727e+02, 4.9950e+03, 0.0000e+00, 0.0000e+00],
        [1.5585e+01, 1.2150e+03, 0.0000e+00, 0.0000e+00],
        [1.4752e+02, 3.1570e+03, 0.0000e+00, 0.0000e+00],
        [2.6010e+00, 7.8000e+01, 0.0000e+00, 0.0000e+00],
        [4.9281e+01, 4.9950e+03, 0.0000e+00, 0.0000e+00],
        [7.4280e+01, 6.9470e+03, 0.0000e+00, 0.0000e+00],
        [6.4429e+01, 3.8720e+03, 0.0000e+00, 0.0000e+00],
        [1.0879e+02, 3.8870e+03, 0.0000e+00, 0.0000e+00]])
------------------------------ ep_t is 0,t is 7,self.max_timesteps_per_episode is 5,self.timesteps_per_batch is 10
obs is :obs tensor([[1.8413e+02, 2.3700e+03, 0.0000e+00, 0.0000e+00],
        [3.4703e+01, 2.6120e+03, 0.0000e+00, 0.0000e+00],
        [1.7850e+01, 5.3400e+02, 0.0000e+00, 0.0000e+00],
        [9.6405e+01, 2.1840e+03, 0.0000e+00, 0.0000e+00],
        [2.9066e+02, 8.0400e+03, 0.0000e+00, 0.0000e+00],
        [1.9427e+01, 3.7480e+03, 0.0000e+00, 0.0000e+00],
        [1.2576e+01, 7.9800e+03, 0.0000e+00, 0.0000e+00],
        [8.1888e+01, 1.4140e+03, 0.0000e+00, 0.0000e+00],
        [3.0540e+01, 3.6200e+02, 0.0000e+00, 0.0000e+00],
        [1.3918e+01, 4.0400e+03, 0.0000e+00, 0.0000e+00],
        [4.2293e+01, 2.3860e+03, 0.0000e+00, 0.0000e+00],
        [7.2840e+01, 5.1840e+03, 0.0000e+00, 0.0000e+00],
        [1.9727e+02, 4.9950e+03, 0.0000e+00, 0.0000e+00],
        [1.5585e+01, 1.2150e+03, 0.0000e+00, 0.0000e+00],
        [1.4752e+02, 3.1570e+03, 0.0000e+00, 0.0000e+00],
        [2.6010e+00, 7.8000e+01, 0.0000e+00, 0.0000e+00],
        [4.9281e+01, 4.9950e+03, 0.0000e+00, 0.0000e+00],
        [7.4280e+01, 6.9470e+03, 0.0000e+00, 0.0000e+00],
        [6.4429e+01, 3.8720e+03, 0.0000e+00, 0.0000e+00],
        [1.0879e+02, 3.8870e+03, 0.0000e+00, 0.0000e+00]])
多维正太分布的动作 log_prob: tensor([-28.5266], grad_fn=<SubBackward0>) tensor([[  82.7624,   41.0999,  109.7817,  129.5468,  -22.2958,   66.5323,
          -27.4878,  138.9961,   34.6754,  156.1086,   18.3333,  321.2357,
           21.9079, -130.8078,  173.5985,  258.5024,  349.7302,  199.8376,
          -28.6535,  362.4222]])
Actor output action: (1, 20) log_prob torch.Size([1])
Task completed with result: None
Task completed with result: None
Task completed with result: None
Task completed with result: None
Task completed with result: None
Task completed with result: None
Task completed with result: None
Task completed with result: None
Task completed with result: None
Task completed with result: None
Task completed with result: None
Task completed with result: None
Task completed with result: None
Task completed with result: None
Task completed with result: None
Task completed with result: None
Task completed with result: None
Task completed with result: None
Task completed with result: None
Task completed with result: None

-----------rl--Round number: 7-------------

Evaluate global model
Averaged Train Loss: 0.0286
Averaged Test Accurancy: 0.9900
Averaged Test AUC: 0.9998
Std Test Accurancy: 0.0218
Std Test AUC: 0.0099
Averaged Train Loss: 1.7048
Averaged Test Accurancy: 0.5004
Averaged Test AUC: 0.8092
Std Test Accurancy: 0.3171
Std Test AUC: 0.2124
env output obs: torch.Size([20, 4]) rew 99998.29518364614
##############################  t is 7 ;obs is tensor([[1.7917e+02, 2.3700e+03, 0.0000e+00, 0.0000e+00],
        [3.2287e+01, 2.6120e+03, 0.0000e+00, 0.0000e+00],
        [1.6735e+01, 5.3400e+02, 0.0000e+00, 0.0000e+00],
        [9.1550e+01, 2.1840e+03, 0.0000e+00, 0.0000e+00],
        [2.7966e+02, 8.0400e+03, 0.0000e+00, 0.0000e+00],
        [1.8585e+01, 3.7480e+03, 0.0000e+00, 0.0000e+00],
        [1.1437e+01, 7.9800e+03, 0.0000e+00, 0.0000e+00],
        [7.8475e+01, 1.4140e+03, 0.0000e+00, 0.0000e+00],
        [2.8766e+01, 3.6200e+02, 0.0000e+00, 0.0000e+00],
        [1.2927e+01, 4.0400e+03, 0.0000e+00, 0.0000e+00],
        [3.9665e+01, 2.3860e+03, 0.0000e+00, 0.0000e+00],
        [6.9532e+01, 5.1840e+03, 0.0000e+00, 0.0000e+00],
        [1.9633e+02, 4.9950e+03, 0.0000e+00, 0.0000e+00],
        [1.5118e+01, 1.2150e+03, 0.0000e+00, 0.0000e+00],
        [1.4315e+02, 3.1570e+03, 0.0000e+00, 0.0000e+00],
        [2.1242e+00, 7.8000e+01, 0.0000e+00, 0.0000e+00],
        [4.6105e+01, 4.9950e+03, 0.0000e+00, 0.0000e+00],
        [7.3413e+01, 6.9470e+03, 0.0000e+00, 0.0000e+00],
        [6.1926e+01, 3.8720e+03, 0.0000e+00, 0.0000e+00],
        [1.0382e+02, 3.8870e+03, 0.0000e+00, 0.0000e+00]])
------------------------------ ep_t is 0,t is 8,self.max_timesteps_per_episode is 5,self.timesteps_per_batch is 10
obs is :obs tensor([[1.7917e+02, 2.3700e+03, 0.0000e+00, 0.0000e+00],
        [3.2287e+01, 2.6120e+03, 0.0000e+00, 0.0000e+00],
        [1.6735e+01, 5.3400e+02, 0.0000e+00, 0.0000e+00],
        [9.1550e+01, 2.1840e+03, 0.0000e+00, 0.0000e+00],
        [2.7966e+02, 8.0400e+03, 0.0000e+00, 0.0000e+00],
        [1.8585e+01, 3.7480e+03, 0.0000e+00, 0.0000e+00],
        [1.1437e+01, 7.9800e+03, 0.0000e+00, 0.0000e+00],
        [7.8475e+01, 1.4140e+03, 0.0000e+00, 0.0000e+00],
        [2.8766e+01, 3.6200e+02, 0.0000e+00, 0.0000e+00],
        [1.2927e+01, 4.0400e+03, 0.0000e+00, 0.0000e+00],
        [3.9665e+01, 2.3860e+03, 0.0000e+00, 0.0000e+00],
        [6.9532e+01, 5.1840e+03, 0.0000e+00, 0.0000e+00],
        [1.9633e+02, 4.9950e+03, 0.0000e+00, 0.0000e+00],
        [1.5118e+01, 1.2150e+03, 0.0000e+00, 0.0000e+00],
        [1.4315e+02, 3.1570e+03, 0.0000e+00, 0.0000e+00],
        [2.1242e+00, 7.8000e+01, 0.0000e+00, 0.0000e+00],
        [4.6105e+01, 4.9950e+03, 0.0000e+00, 0.0000e+00],
        [7.3413e+01, 6.9470e+03, 0.0000e+00, 0.0000e+00],
        [6.1926e+01, 3.8720e+03, 0.0000e+00, 0.0000e+00],
        [1.0382e+02, 3.8870e+03, 0.0000e+00, 0.0000e+00]])
多维正太分布的动作 log_prob: tensor([-23.8085], grad_fn=<SubBackward0>) tensor([[  81.7798,   42.1561,  109.2154,  128.3913,  -20.1946,   66.4567,
          -26.8332,  139.2617,   34.9779,  157.2819,   18.5206,  319.9891,
           21.0926, -129.5810,  174.5280,  259.0255,  350.9286,  202.2332,
          -27.2398,  362.5567]])
Actor output action: (1, 20) log_prob torch.Size([1])
Task completed with result: None
Task completed with result: None
Task completed with result: None
Task completed with result: None
Task completed with result: None
Task completed with result: None
Task completed with result: None
Task completed with result: None
Task completed with result: None
Task completed with result: None
Task completed with result: None
Task completed with result: None
Task completed with result: None
Task completed with result: None
Task completed with result: None
Task completed with result: None
Task completed with result: None
Task completed with result: None
Task completed with result: None
Task completed with result: None

-----------rl--Round number: 8-------------

Evaluate global model
Averaged Train Loss: 0.0277
Averaged Test Accurancy: 0.9900
Averaged Test AUC: 0.9998
Std Test Accurancy: 0.0216
Std Test AUC: 0.0099
Averaged Train Loss: 1.6549
Averaged Test Accurancy: 0.5307
Averaged Test AUC: 0.8200
Std Test Accurancy: 0.3119
Std Test AUC: 0.2106
env output obs: torch.Size([20, 4]) rew 99998.34512706622
##############################  t is 8 ;obs is tensor([[1.7473e+02, 2.3700e+03, 0.0000e+00, 0.0000e+00],
        [3.0438e+01, 2.6120e+03, 0.0000e+00, 0.0000e+00],
        [1.5778e+01, 5.3400e+02, 0.0000e+00, 0.0000e+00],
        [8.7662e+01, 2.1840e+03, 0.0000e+00, 0.0000e+00],
        [2.6976e+02, 8.0400e+03, 0.0000e+00, 0.0000e+00],
        [1.7890e+01, 3.7480e+03, 0.0000e+00, 0.0000e+00],
        [1.0530e+01, 7.9800e+03, 0.0000e+00, 0.0000e+00],
        [7.5626e+01, 1.4140e+03, 0.0000e+00, 0.0000e+00],
        [2.7378e+01, 3.6200e+02, 0.0000e+00, 0.0000e+00],
        [1.2148e+01, 4.0400e+03, 0.0000e+00, 0.0000e+00],
        [3.7625e+01, 2.3860e+03, 0.0000e+00, 0.0000e+00],
        [6.6453e+01, 5.1840e+03, 0.0000e+00, 0.0000e+00],
        [1.9493e+02, 4.9950e+03, 0.0000e+00, 0.0000e+00],
        [1.4732e+01, 1.2150e+03, 0.0000e+00, 0.0000e+00],
        [1.3956e+02, 3.1570e+03, 0.0000e+00, 0.0000e+00],
        [1.7986e+00, 7.8000e+01, 0.0000e+00, 0.0000e+00],
        [4.3263e+01, 4.9950e+03, 0.0000e+00, 0.0000e+00],
        [7.2620e+01, 6.9470e+03, 0.0000e+00, 0.0000e+00],
        [5.9779e+01, 3.8720e+03, 0.0000e+00, 0.0000e+00],
        [9.9525e+01, 3.8870e+03, 0.0000e+00, 0.0000e+00]])
------------------------------ ep_t is 0,t is 9,self.max_timesteps_per_episode is 5,self.timesteps_per_batch is 10
obs is :obs tensor([[1.7473e+02, 2.3700e+03, 0.0000e+00, 0.0000e+00],
        [3.0438e+01, 2.6120e+03, 0.0000e+00, 0.0000e+00],
        [1.5778e+01, 5.3400e+02, 0.0000e+00, 0.0000e+00],
        [8.7662e+01, 2.1840e+03, 0.0000e+00, 0.0000e+00],
        [2.6976e+02, 8.0400e+03, 0.0000e+00, 0.0000e+00],
        [1.7890e+01, 3.7480e+03, 0.0000e+00, 0.0000e+00],
        [1.0530e+01, 7.9800e+03, 0.0000e+00, 0.0000e+00],
        [7.5626e+01, 1.4140e+03, 0.0000e+00, 0.0000e+00],
        [2.7378e+01, 3.6200e+02, 0.0000e+00, 0.0000e+00],
        [1.2148e+01, 4.0400e+03, 0.0000e+00, 0.0000e+00],
        [3.7625e+01, 2.3860e+03, 0.0000e+00, 0.0000e+00],
        [6.6453e+01, 5.1840e+03, 0.0000e+00, 0.0000e+00],
        [1.9493e+02, 4.9950e+03, 0.0000e+00, 0.0000e+00],
        [1.4732e+01, 1.2150e+03, 0.0000e+00, 0.0000e+00],
        [1.3956e+02, 3.1570e+03, 0.0000e+00, 0.0000e+00],
        [1.7986e+00, 7.8000e+01, 0.0000e+00, 0.0000e+00],
        [4.3263e+01, 4.9950e+03, 0.0000e+00, 0.0000e+00],
        [7.2620e+01, 6.9470e+03, 0.0000e+00, 0.0000e+00],
        [5.9779e+01, 3.8720e+03, 0.0000e+00, 0.0000e+00],
        [9.9525e+01, 3.8870e+03, 0.0000e+00, 0.0000e+00]])
多维正太分布的动作 log_prob: tensor([-26.6388], grad_fn=<SubBackward0>) tensor([[  82.2284,   40.2129,  107.4347,  128.5662,  -22.6833,   67.6035,
          -28.0917,  139.3325,   34.1387,  156.4435,   18.6014,  320.5845,
           22.6493, -131.4830,  173.1882,  259.2111,  350.1147,  202.0751,
          -26.5963,  363.1400]])
Actor output action: (1, 20) log_prob torch.Size([1])
Task completed with result: None
Task completed with result: None
Task completed with result: None
Task completed with result: None
Task completed with result: None
Task completed with result: None
Task completed with result: None
Task completed with result: None
Task completed with result: None
Task completed with result: None
Task completed with result: None
Task completed with result: None
Task completed with result: None
Task completed with result: None
Task completed with result: None
Task completed with result: None
Task completed with result: None
Task completed with result: None
Task completed with result: None
Task completed with result: None

-----------rl--Round number: 9-------------

Evaluate global model
Averaged Train Loss: 0.0269
Averaged Test Accurancy: 0.9902
Averaged Test AUC: 0.9998
Std Test Accurancy: 0.0215
Std Test AUC: 0.0096
Averaged Train Loss: 1.6170
Averaged Test Accurancy: 0.5564
Averaged Test AUC: 0.8284
Std Test Accurancy: 0.3080
Std Test AUC: 0.2090
env output obs: torch.Size([20, 4]) rew 99998.38298221935
##############################  t is 9 ;obs is tensor([[1.7083e+02, 2.3700e+03, 0.0000e+00, 0.0000e+00],
        [2.8945e+01, 2.6120e+03, 0.0000e+00, 0.0000e+00],
        [1.4946e+01, 5.3400e+02, 0.0000e+00, 0.0000e+00],
        [8.4415e+01, 2.1840e+03, 0.0000e+00, 0.0000e+00],
        [2.6092e+02, 8.0400e+03, 0.0000e+00, 0.0000e+00],
        [1.7301e+01, 3.7480e+03, 0.0000e+00, 0.0000e+00],
        [9.7829e+00, 7.9800e+03, 0.0000e+00, 0.0000e+00],
        [7.3289e+01, 1.4140e+03, 0.0000e+00, 0.0000e+00],
        [2.6214e+01, 3.6200e+02, 0.0000e+00, 0.0000e+00],
        [1.1480e+01, 4.0400e+03, 0.0000e+00, 0.0000e+00],
        [3.5977e+01, 2.3860e+03, 0.0000e+00, 0.0000e+00],
        [6.3619e+01, 5.1840e+03, 0.0000e+00, 0.0000e+00],
        [1.9338e+02, 4.9950e+03, 0.0000e+00, 0.0000e+00],
        [1.4363e+01, 1.2150e+03, 0.0000e+00, 0.0000e+00],
        [1.3644e+02, 3.1570e+03, 0.0000e+00, 0.0000e+00],
        [1.5637e+00, 7.8000e+01, 0.0000e+00, 0.0000e+00],
        [4.0813e+01, 4.9950e+03, 0.0000e+00, 0.0000e+00],
        [7.1918e+01, 6.9470e+03, 0.0000e+00, 0.0000e+00],
        [5.7761e+01, 3.8720e+03, 0.0000e+00, 0.0000e+00],
        [9.5827e+01, 3.8870e+03, 0.0000e+00, 0.0000e+00]])
------------------------------ ep_t is 0,t is 10,self.max_timesteps_per_episode is 5,self.timesteps_per_batch is 10
obs is :obs tensor([[1.7083e+02, 2.3700e+03, 0.0000e+00, 0.0000e+00],
        [2.8945e+01, 2.6120e+03, 0.0000e+00, 0.0000e+00],
        [1.4946e+01, 5.3400e+02, 0.0000e+00, 0.0000e+00],
        [8.4415e+01, 2.1840e+03, 0.0000e+00, 0.0000e+00],
        [2.6092e+02, 8.0400e+03, 0.0000e+00, 0.0000e+00],
        [1.7301e+01, 3.7480e+03, 0.0000e+00, 0.0000e+00],
        [9.7829e+00, 7.9800e+03, 0.0000e+00, 0.0000e+00],
        [7.3289e+01, 1.4140e+03, 0.0000e+00, 0.0000e+00],
        [2.6214e+01, 3.6200e+02, 0.0000e+00, 0.0000e+00],
        [1.1480e+01, 4.0400e+03, 0.0000e+00, 0.0000e+00],
        [3.5977e+01, 2.3860e+03, 0.0000e+00, 0.0000e+00],
        [6.3619e+01, 5.1840e+03, 0.0000e+00, 0.0000e+00],
        [1.9338e+02, 4.9950e+03, 0.0000e+00, 0.0000e+00],
        [1.4363e+01, 1.2150e+03, 0.0000e+00, 0.0000e+00],
        [1.3644e+02, 3.1570e+03, 0.0000e+00, 0.0000e+00],
        [1.5637e+00, 7.8000e+01, 0.0000e+00, 0.0000e+00],
        [4.0813e+01, 4.9950e+03, 0.0000e+00, 0.0000e+00],
        [7.1918e+01, 6.9470e+03, 0.0000e+00, 0.0000e+00],
        [5.7761e+01, 3.8720e+03, 0.0000e+00, 0.0000e+00],
        [9.5827e+01, 3.8870e+03, 0.0000e+00, 0.0000e+00]])
多维正太分布的动作 log_prob: tensor([-28.7282], grad_fn=<SubBackward0>) tensor([[  83.4503,   41.9552,  107.9626,  129.0768,  -20.8998,   67.8751,
          -28.6517,  138.2148,   33.4657,  155.9816,   20.6052,  319.3396,
           20.7476, -130.7171,  173.3306,  258.8368,  351.7523,  201.6341,
          -26.8339,  364.0530]])
Actor output action: (1, 20) log_prob torch.Size([1])
Task completed with result: None
Task completed with result: None
Task completed with result: None
Task completed with result: None
Task completed with result: None
Task completed with result: None
Task completed with result: None
Task completed with result: None
Task completed with result: None
Task completed with result: None
Task completed with result: None
Task completed with result: None
Task completed with result: None
Task completed with result: None
Task completed with result: None
Task completed with result: None
Task completed with result: None
Task completed with result: None
Task completed with result: None
Task completed with result: None

-----------rl--Round number: 10-------------

Evaluate global model
Averaged Train Loss: 0.0262
Averaged Test Accurancy: 0.9902
Averaged Test AUC: 0.9998
Std Test Accurancy: 0.0215
Std Test AUC: 0.0095
Averaged Train Loss: 1.5823
Averaged Test Accurancy: 0.5787
Averaged Test AUC: 0.8357
Std Test Accurancy: 0.3033
Std Test AUC: 0.2076
env output obs: torch.Size([20, 4]) rew 99998.41772914272
Traceback (most recent call last):
  File "/Users/alice/Desktop/python/FL_selection/system/main.py", line 530, in <module>
    run(args)
  File "/Users/alice/Desktop/python/FL_selection/system/main.py", line 300, in run
    server.rl_train()
  File "/Users/alice/Desktop/python/FL_selection/system/flcore/servers/server_voi.py", line 224, in rl_train
    batch_obs = torch.tensor(batch_obs, dtype=torch.float)
ValueError: only one element tensors can be converted to Python scalars
